Archive member included to satisfy reference by file (symbol)

e:/sriraj/nxp/ide/plugins/com.nxp.mcuxpresso.tools.win32_11.6.0.202112161359/tools/bin/../lib/gcc/arm-none-eabi/10.3.1/../../../../arm-none-eabi/lib/thumb/v6-m/nofp\libcr_nohost_nf.a(__ciob.o)
                              ./source/Accelerometermainproject.o (__Ciob)
e:/sriraj/nxp/ide/plugins/com.nxp.mcuxpresso.tools.win32_11.6.0.202112161359/tools/bin/../lib/gcc/arm-none-eabi/10.3.1/../../../../arm-none-eabi/lib/thumb/v6-m/nofp\libcr_nohost_nf.a(_cr__main.o)
                              ./startup/startup_mkl25z4.o (__main)
e:/sriraj/nxp/ide/plugins/com.nxp.mcuxpresso.tools.win32_11.6.0.202112161359/tools/bin/../lib/gcc/arm-none-eabi/10.3.1/../../../../arm-none-eabi/lib/thumb/v6-m/nofp\libcr_c.a(memcpy.o)
                              ./drivers/fsl_flash.o (memcpy)
e:/sriraj/nxp/ide/plugins/com.nxp.mcuxpresso.tools.win32_11.6.0.202112161359/tools/bin/../lib/gcc/arm-none-eabi/10.3.1/../../../../arm-none-eabi/lib/thumb/v6-m/nofp\libcr_c.a(memset.o)
                              ./drivers/fsl_flash.o (memset)
e:/sriraj/nxp/ide/plugins/com.nxp.mcuxpresso.tools.win32_11.6.0.202112161359/tools/bin/../lib/gcc/arm-none-eabi/10.3.1/../../../../arm-none-eabi/lib/thumb/v6-m/nofp\libcr_c.a(__fillbuf.o)
                              ./source/Accelerometermainproject.o (__filbuf)
e:/sriraj/nxp/ide/plugins/com.nxp.mcuxpresso.tools.win32_11.6.0.202112161359/tools/bin/../lib/gcc/arm-none-eabi/10.3.1/../../../../arm-none-eabi/lib/thumb/v6-m/nofp\libcr_c.a(_deferredlazyseek.o)
                              e:/sriraj/nxp/ide/plugins/com.nxp.mcuxpresso.tools.win32_11.6.0.202112161359/tools/bin/../lib/gcc/arm-none-eabi/10.3.1/../../../../arm-none-eabi/lib/thumb/v6-m/nofp\libcr_c.a(__fillbuf.o) (_deferredlazyseek)
e:/sriraj/nxp/ide/plugins/com.nxp.mcuxpresso.tools.win32_11.6.0.202112161359/tools/bin/../lib/gcc/arm-none-eabi/10.3.1/../../../../arm-none-eabi/lib/thumb/v6-m/nofp\libcr_c.a(_fflush.o)
                              e:/sriraj/nxp/ide/plugins/com.nxp.mcuxpresso.tools.win32_11.6.0.202112161359/tools/bin/../lib/gcc/arm-none-eabi/10.3.1/../../../../arm-none-eabi/lib/thumb/v6-m/nofp\libcr_c.a(__fillbuf.o) (_fflush)
e:/sriraj/nxp/ide/plugins/com.nxp.mcuxpresso.tools.win32_11.6.0.202112161359/tools/bin/../lib/gcc/arm-none-eabi/10.3.1/../../../../arm-none-eabi/lib/thumb/v6-m/nofp\libcr_c.a(_writebuf.o)
                              e:/sriraj/nxp/ide/plugins/com.nxp.mcuxpresso.tools.win32_11.6.0.202112161359/tools/bin/../lib/gcc/arm-none-eabi/10.3.1/../../../../arm-none-eabi/lib/thumb/v6-m/nofp\libcr_c.a(_deferredlazyseek.o) (_Cwritebuf)
e:/sriraj/nxp/ide/plugins/com.nxp.mcuxpresso.tools.win32_11.6.0.202112161359/tools/bin/../lib/gcc/arm-none-eabi/10.3.1/../../../../arm-none-eabi/lib/thumb/v6-m/nofp\libcr_c.a(alloc.o)
                              e:/sriraj/nxp/ide/plugins/com.nxp.mcuxpresso.tools.win32_11.6.0.202112161359/tools/bin/../lib/gcc/arm-none-eabi/10.3.1/../../../../arm-none-eabi/lib/thumb/v6-m/nofp\libcr_c.a(__fillbuf.o) (_Csys_alloc)
e:/sriraj/nxp/ide/plugins/com.nxp.mcuxpresso.tools.win32_11.6.0.202112161359/tools/bin/../lib/gcc/arm-none-eabi/10.3.1/../../../../arm-none-eabi/lib/thumb/v6-m/nofp\libcr_c.a(atan2.o)
                              ./source/accelerometer.o (atan2)
e:/sriraj/nxp/ide/plugins/com.nxp.mcuxpresso.tools.win32_11.6.0.202112161359/tools/bin/../lib/gcc/arm-none-eabi/10.3.1/../../../../arm-none-eabi/lib/thumb/v6-m/nofp\libcr_c.a(errno.o)
                              e:/sriraj/nxp/ide/plugins/com.nxp.mcuxpresso.tools.win32_11.6.0.202112161359/tools/bin/../lib/gcc/arm-none-eabi/10.3.1/../../../../arm-none-eabi/lib/thumb/v6-m/nofp\libcr_c.a(atan2.o) (errno)
e:/sriraj/nxp/ide/plugins/com.nxp.mcuxpresso.tools.win32_11.6.0.202112161359/tools/bin/../lib/gcc/arm-none-eabi/10.3.1/../../../../arm-none-eabi/lib/thumb/v6-m/nofp\libcr_c.a(fabs.o)
                              ./source/statemachine.o (fabs)
e:/sriraj/nxp/ide/plugins/com.nxp.mcuxpresso.tools.win32_11.6.0.202112161359/tools/bin/../lib/gcc/arm-none-eabi/10.3.1/../../../../arm-none-eabi/lib/thumb/v6-m/nofp\libcr_c.a(fseek.o)
                              e:/sriraj/nxp/ide/plugins/com.nxp.mcuxpresso.tools.win32_11.6.0.202112161359/tools/bin/../lib/gcc/arm-none-eabi/10.3.1/../../../../arm-none-eabi/lib/thumb/v6-m/nofp\libcr_c.a(_deferredlazyseek.o) (fseek)
e:/sriraj/nxp/ide/plugins/com.nxp.mcuxpresso.tools.win32_11.6.0.202112161359/tools/bin/../lib/gcc/arm-none-eabi/10.3.1/../../../../arm-none-eabi/lib/thumb/v6-m/nofp\libcr_c.a(ftell.o)
                              e:/sriraj/nxp/ide/plugins/com.nxp.mcuxpresso.tools.win32_11.6.0.202112161359/tools/bin/../lib/gcc/arm-none-eabi/10.3.1/../../../../arm-none-eabi/lib/thumb/v6-m/nofp\libcr_c.a(fseek.o) (ftell)
e:/sriraj/nxp/ide/plugins/com.nxp.mcuxpresso.tools.win32_11.6.0.202112161359/tools/bin/../lib/gcc/arm-none-eabi/10.3.1/../../../../arm-none-eabi/lib/thumb/v6-m/nofp\libcr_c.a(initio.o)
[...]
Memory Configuration

Name             Origin             Length             Attributes
PROGRAM_FLASH    0x00000000         0x00020000         xr
SRAM             0x1ffff000         0x00004000         xrw
*default*        0x00000000         0xffffffff

Linker script and memory map

LOAD ./utilities/fsl_debug_console.o
LOAD ./startup/startup_mkl25z4.o
LOAD ./source/Accelerometermainproject.o
LOAD ./source/PWM.o
LOAD ./source/UARTcomm.o
LOAD ./source/accelerometer.o
LOAD ./source/circularbufferqueue.o
LOAD ./source/delay.o
LOAD ./source/i2c.o
LOAD ./source/inputtrigger.o
LOAD ./source/mtb.o
LOAD ./source/semihost_hardfault.o
LOAD ./source/statemachine.o
LOAD ./source/sysclock.o
LOAD ./source/test_accel.o
LOAD ./drivers/fsl_clock.o
LOAD ./drivers/fsl_common.o
LOAD ./drivers/fsl_flash.o
LOAD ./drivers/fsl_gpio.o
LOAD ./drivers/fsl_lpsci.o
LOAD ./drivers/fsl_smc.o
LOAD ./drivers/fsl_uart.o
LOAD ./board/board.o
LOAD ./board/clock_config.o
LOAD ./board/peripherals.o
LOAD ./board/pin_mux.o
LOAD ./CMSIS/system_MKL25Z4.o
START GROUP
LOAD e:/sriraj/nxp/ide/plugins/com.nxp.mcuxpresso.tools.win32_11.6.0.202112161359/tools/bin/../lib/gcc/arm-none-eabi/10.3.1/../../../../arm-none-eabi/lib/thumb/v6-m/nofp\libcr_nohost_nf.a
LOAD e:/sriraj/nxp/ide/plugins/com.nxp.mcuxpresso.tools.win32_11.6.0.202112161359/tools/bin/../lib/gcc/arm-none-eabi/10.3.1/../../../../arm-none-eabi/lib/thumb/v6-m/nofp\libcr_c.a
LOAD e:/sriraj/nxp/ide/plugins/com.nxp.mcuxpresso.tools.win32_11.6.0.202112161359/tools/bin/../lib/gcc/arm-none-eabi/10.3.1/thumb/v6-m/nofp\libcr_eabihelpers.a
LOAD e:/sriraj/nxp/ide/plugins/com.nxp.mcuxpresso.tools.win32_11.6.0.202112161359/tools/bin/../lib/gcc/arm-none-eabi/10.3.1/thumb/v6-m/nofp\libgcc.a
END GROUP
                0x00000000                __base_PROGRAM_FLASH = 0x0
                0x00000000                __base_Flash = 0x0
                0x00020000                __top_PROGRAM_FLASH = 0x20000
                0x00020000                __top_Flash = 0x20000
                0x1ffff000                __base_SRAM = 0x1ffff000
                0x1ffff000                __base_RAM = 0x1ffff000
                0x20003000                __top_SRAM = 0x20003000
                0x20003000                __top_RAM = 0x20003000

.text           0x00000000     0x5f88
 FILL mask 0xff
                0x00000000                __vectors_start__ = ABSOLUTE (.)
 *(SORT_BY_ALIGNMENT(.isr_vector))
 .isr_vector    0x00000000       0xc0 ./startup/startup_mkl25z4.o
                0x00000000                g_pfnVectors
                0x00000000                __Vectors
                0x000000c0                . = ALIGN (0x4)
                0x000000c0                __section_table_start = .
                0x000000c0                __data_section_table = .
                0x000000c0        0x4 LONG 0x5f88 LOADADDR (.data)
                0x000000c4        0x4 LONG 0x1ffff080 ADDR (.data)
                0x000000c8        0x4 LONG 0x8 SIZEOF (.data)
                0x000000cc                __data_section_table_end = .
                0x000000cc                __bss_section_table = .
                0x000000cc        0x4 LONG 0x1ffff088 ADDR (.bss)
                0x000000d0        0x4 LONG 0x454 SIZEOF (.bss)
                0x000000d4                __bss_section_table_end = .
                0x000000d4                __section_table_end = .
 *(SORT_BY_ALIGNMENT(.after_vectors*))
 .after_vectors.reset
                0x000000d4       0x4c ./startup/startup_mkl25z4.o
                0x000000d4                ResetISR
 .after_vectors.init_data
                0x00000120       0x12 ./startup/startup_mkl25z4.o
                0x00000120                data_init
 .after_vectors.init_bss
                0x00000132       0x10 ./startup/startup_mkl25z4.o
                0x00000132                bss_init
 .after_vectors
                0x00000142      0x10c ./startup/startup_mkl25z4.o
                0x00000142                NMI_Handler
                0x00000146                SVC_Handler
                0x00000148                PendSV_Handler
                0x0000014c                SPI1_DriverIRQHandler
                0x0000014c                LPTMR0_DriverIRQHandler
                0x0000014c                DMA0_DriverIRQHandler
                0x0000014c                I2C0_DriverIRQHandler
                0x0000014c                Reserved39_DriverIRQHandler
                0x0000014c                PORTD_DriverIRQHandler
                0x0000014c                DMA2_DriverIRQHandler
                0x0000014c                CMP0_DriverIRQHandler
                0x0000014c                TPM2_DriverIRQHandler
                0x0000014c                ADC0_DriverIRQHandler
                0x0000014c                SPI0_DriverIRQHandler
                0x0000014c                TSI0_DriverIRQHandler
                0x0000014c                RTC_Seconds_DriverIRQHandler
                0x0000014c                I2C1_DriverIRQHandler
                0x0000014c                LLWU_DriverIRQHandler
                0x0000014c                MCG_DriverIRQHandler
                0x0000014c                DMA1_DriverIRQHandler
                0x0000014c                PIT_DriverIRQHandler
                0x0000014c                RTC_DriverIRQHandler
                0x0000014c                FTFA_DriverIRQHandler
                0x0000014c                IntDefaultHandler
                0x0000014c                USB0_DriverIRQHandler
                0x0000014c                DAC0_DriverIRQHandler
                0x0000014c                LVD_LVW_DriverIRQHandler
                0x0000014c                TPM0_DriverIRQHandler
                0x0000014c                TPM1_DriverIRQHandler
                0x0000014c                PORTA_DriverIRQHandler
                0x0000014c                Reserved20_DriverIRQHandler
                0x0000014c                DMA3_DriverIRQHandler
                0x0000014c                Reserved45_DriverIRQHandler
                0x0000014e                DMA0_IRQHandler
                0x00000156                DMA1_IRQHandler
                0x0000015e                DMA2_IRQHandler
                0x00000166                DMA3_IRQHandler
                0x0000016e                Reserved20_IRQHandler
                0x00000176                FTFA_IRQHandler
                0x0000017e                LVD_LVW_IRQHandler
                0x00000186                LLWU_IRQHandler
                0x0000018e                I2C0_IRQHandler
                0x00000196                I2C1_IRQHandler
                0x0000019e                SPI0_IRQHandler
                0x000001a6                SPI1_IRQHandler
                0x000001b6                UART1_IRQHandler
                0x000001be                UART2_IRQHandler
                0x000001c6                ADC0_IRQHandler
                0x000001ce                CMP0_IRQHandler
                0x000001d6                TPM0_IRQHandler
                0x000001de                TPM1_IRQHandler
                0x000001e6                TPM2_IRQHandler
                0x000001ee                RTC_IRQHandler
                0x000001f6                RTC_Seconds_IRQHandler
                0x000001fe                PIT_IRQHandler
                0x00000206                Reserved39_IRQHandler
                0x0000020e                USB0_IRQHandler
                0x00000216                DAC0_IRQHandler
                0x0000021e                TSI0_IRQHandler
                0x00000226                MCG_IRQHandler
                0x0000022e                LPTMR0_IRQHandler
                0x00000236                Reserved45_IRQHandler
                0x0000023e                PORTA_IRQHandler
                0x00000400                . = 0x400
 *fill*         0x0000024e      0x1b2 ff
                0x00000400                PROVIDE (__FLASH_CONFIG_START__ = .)
 *(SORT_BY_ALIGNMENT(.FlashConfig))
 .FlashConfig   0x00000400       0x10 ./startup/startup_mkl25z4.o
                0x00000400                Flash_Config
                0x00000410                PROVIDE (__FLASH_CONFIG_END__ = .)
                0x00000001                ASSERT (! ((__FLASH_CONFIG_START__ == __FLASH_CONFIG_END__)), Linker Flash Config Support Enabled, but no .FlashConfig section provided within application)
 *(SORT_BY_ALIGNMENT(.text*))
 .text.DbgConsole_Init
                0x00000410       0xf4 ./utilities/fsl_debug_console.o
                0x00000410                DbgConsole_Init
 .text.DbgConsole_Printf
                0x00000504       0x44 ./utilities/fsl_debug_console.o
                0x00000504                DbgConsole_Printf
 .text.DbgConsole_Putchar
                0x00000548       0x34 ./utilities/fsl_debug_console.o
                0x00000548                DbgConsole_Putchar
 .text.calibrate_cmd_check
                0x0000057c      0x1bc ./source/Accelerometermainproject.o
                0x0000057c                calibrate_cmd_check
 .text.main     0x00000738       0x5c ./source/Accelerometermainproject.o
                0x00000738                main
 .text.PWM_init
                0x00000794      0x150 ./source/PWM.o
                0x00000794                PWM_init
 .text.PWM_trigger
                0x000008e4       0x30 ./source/PWM.o
                0x000008e4                PWM_trigger
 .text.NVIC_EnableIRQ
                0x00000914       0x2c ./source/UARTcomm.o
 .text.NVIC_ClearPendingIRQ
                0x00000940       0x30 ./source/UARTcomm.o
 .text.NVIC_SetPriority
                0x00000970       0xdc ./source/UARTcomm.o
 .text.uart0_init
                0x00000a4c      0x150 ./source/UARTcomm.o
                0x00000a4c                uart0_init
 .text.UART0_IRQHandler
                0x00000b9c       0xc8 ./source/UARTcomm.o
                0x00000b9c                UART0_IRQHandler
 .text.__sys_write
                0x00000c64       0x78 ./source/UARTcomm.o
                0x00000c64                __sys_write
 .text.__sys_readc
                0x00000cdc       0x2c ./source/UARTcomm.o
                0x00000cdc                __sys_readc
 .text.read_full_xyz
                0x00000d08       0xd8 ./source/accelerometer.o
                0x00000d08                read_full_xyz
 .text.convert_xyz_to_roll_pitch
                0x00000de0      0x164 ./source/accelerometer.o
                0x00000de0                convert_xyz_to_roll_pitch
 .text.Delay    0x00000f44       0x2c ./source/delay.o
                0x00000f44                Delay
 .text.i2c_init
                0x00000f70       0x84 ./source/i2c.o
                0x00000f70                i2c_init
 .text.i2c_busy
                0x00000ff4      0x174 ./source/i2c.o
                0x00000ff4                i2c_busy
 .text.i2c_wait
                0x00001168       0x6c ./source/i2c.o
                0x00001168                i2c_wait
 .text.i2c_start
                0x000011d4       0x30 ./source/i2c.o
                0x000011d4                i2c_start
 .text.i2c_read_setup
                0x00001204       0x68 ./source/i2c.o
                0x00001204                i2c_read_setup
 .text.i2c_repeated_read
                0x0000126c       0x80 ./source/i2c.o
                0x0000126c                i2c_repeated_read
 .text.i2c_write_byte
                0x000012ec       0x80 ./source/i2c.o
                0x000012ec                i2c_write_byte
 .text.NVIC_EnableIRQ
                0x0000136c       0x2c ./source/inputtrigger.o
 .text.GPIO_PB_init
                0x00001398       0x78 ./source/inputtrigger.o
                0x00001398                GPIO_PB_init
 .text.PORTD_IRQHandler
                0x00001410       0x48 ./source/inputtrigger.o
                0x00001410                PORTD_IRQHandler
 .text.HardFault_Handler
                0x00001458       0x30 ./source/semihost_hardfault.o
                0x00001458                HardFault_Handler
 .text.statemachine
                0x00001488       0xa0 ./source/statemachine.o
                0x00001488                statemachine
 .text.zero_calib
                0x00001528       0x48 ./source/statemachine.o
                0x00001528                zero_calib
 .text.display_angle
                0x00001570       0xfc ./source/statemachine.o
                0x00001570                display_angle
 .text.calibrate_angle
                0x0000166c       0x34 ./source/statemachine.o
                0x0000166c                calibrate_angle
 .text.NVIC_SetPriority
                0x000016a0       0xdc ./source/sysclock.o
 .text.sysclock_init
                0x0000177c       0x30 ./source/sysclock.o
                0x0000177c                sysclock_init
 .text.reset_timer
                0x000017ac       0x14 ./source/sysclock.o
                0x000017ac                reset_timer
 .text.get_timer
                0x000017c0       0x14 ./source/sysclock.o
                0x000017c0                get_timer
 .text.SysTick_Handler
                0x000017d4       0x30 ./source/sysclock.o
                0x000017d4                SysTick_Handler
 .text.test_led_PWM
                0x00001804       0xb8 ./source/test_accel.o
                0x00001804                test_led_PWM
 .text.CLOCK_SetEr32kClock
                0x000018bc       0x34 ./drivers/fsl_clock.o
 .text.CLOCK_SetPllFllSelClock
                0x000018f0       0x38 ./drivers/fsl_clock.o
 .text.CLOCK_GetMcgExtClkFreq
                0x00001928       0x28 ./drivers/fsl_clock.o
 .text.CLOCK_GetFllExtRefClkFreq
                0x00001950       0xa8 ./drivers/fsl_clock.o
 .text.CLOCK_GetFllRefClkFreq
                0x000019f8       0x2c ./drivers/fsl_clock.o
 .text.CLOCK_GetOscRangeFromFreq
                0x00001a24       0x4c ./drivers/fsl_clock.o
 .text.CLOCK_GetPllFllSelClkFreq
                0x00001a70       0x4c ./drivers/fsl_clock.o
                0x00001a70                CLOCK_GetPllFllSelClkFreq
 .text.CLOCK_SetSimConfig
                0x00001abc       0x38 ./drivers/fsl_clock.o
                0x00001abc                CLOCK_SetSimConfig
 .text.CLOCK_GetFllFreq
                0x00001af4       0x84 ./drivers/fsl_clock.o
                0x00001af4                CLOCK_GetFllFreq
 .text.CLOCK_GetPll0Freq
                0x00001b78       0x70 ./drivers/fsl_clock.o
                0x00001b78                CLOCK_GetPll0Freq
 .text.CLOCK_SetInternalRefClkConfig
                0x00001be8      0x124 ./drivers/fsl_clock.o
                0x00001be8                CLOCK_SetInternalRefClkConfig
 .text.CLOCK_EnablePll0
                0x00001d0c       0x94 ./drivers/fsl_clock.o
                0x00001d0c                CLOCK_EnablePll0
 .text.CLOCK_InitOsc0
                0x00001da0       0x94 ./drivers/fsl_clock.o
                0x00001da0                CLOCK_InitOsc0
 .text.CLOCK_SetPbeMode
                0x00001e34       0xb0 ./drivers/fsl_clock.o
                0x00001e34                CLOCK_SetPbeMode
 .text.CLOCK_BootToPeeMode
                0x00001ee4       0x70 ./drivers/fsl_clock.o
                0x00001ee4                CLOCK_BootToPeeMode
 .text.__assertion_failed
                0x00001f54       0x1c ./drivers/fsl_common.o
                0x00001f54                __assertion_failed
 .text.CLOCK_EnableClock
                0x00001f70       0x34 ./drivers/fsl_lpsci.o
 .text.LPSCI_GetInstance
                0x00001fa4       0x48 ./drivers/fsl_lpsci.o
                0x00001fa4                LPSCI_GetInstance
 .text.LPSCI_Init
                0x00001fec      0x258 ./drivers/fsl_lpsci.o
                0x00001fec                LPSCI_Init
 .text.LPSCI_GetDefaultConfig
                0x00002244       0x44 ./drivers/fsl_lpsci.o
                0x00002244                LPSCI_GetDefaultConfig
 .text.LPSCI_ClearStatusFlags
                0x00002288       0x94 ./drivers/fsl_lpsci.o
                0x00002288                LPSCI_ClearStatusFlags
 .text.LPSCI_WriteBlocking
                0x0000231c       0x4c ./drivers/fsl_lpsci.o
                0x0000231c                LPSCI_WriteBlocking
 .text.LPSCI_ReadBlocking
                0x00002368       0xc0 ./drivers/fsl_lpsci.o
                0x00002368                LPSCI_ReadBlocking
 .text.UART0_DriverIRQHandler
                0x00002428       0x24 ./drivers/fsl_lpsci.o
                0x00002428                UART0_DriverIRQHandler
 .text.CLOCK_EnableClock
                0x0000244c       0x34 ./drivers/fsl_uart.o
 .text.UART_GetInstance
                0x00002480       0x54 ./drivers/fsl_uart.o
                0x00002480                UART_GetInstance
 .text.UART_Init
                0x000024d4      0x1e0 ./drivers/fsl_uart.o
                0x000024d4                UART_Init
 .text.UART_GetDefaultConfig
                0x000026b4       0x44 ./drivers/fsl_uart.o
                0x000026b4                UART_GetDefaultConfig
 .text.UART_ReadBlocking
                0x000026f8       0x98 ./drivers/fsl_uart.o
                0x000026f8                UART_ReadBlocking
 .text.UART1_DriverIRQHandler
                0x00002790       0x24 ./drivers/fsl_uart.o
                0x00002790                UART1_DriverIRQHandler
 .text.UART2_DriverIRQHandler
                0x000027b4       0x24 ./drivers/fsl_uart.o
                0x000027b4                UART2_DriverIRQHandler
 .text.CLOCK_SetLpsci0Clock
                0x000027d8       0x38 ./board/board.o
 .text.BOARD_InitDebugConsole
                0x00002810       0x30 ./board/board.o
                0x00002810                BOARD_InitDebugConsole
 .text.CLOCK_SetSimSafeDivs
                0x00002840       0x20 ./board/clock_config.o
 .text.CLOCK_SetXtal0Freq
                0x00002860       0x1c ./board/clock_config.o
 .text.CLOCK_CONFIG_SetFllExtRefDiv
                0x0000287c       0x3c ./board/clock_config.o
 .text.BOARD_BootClockRUN
                0x000028b8       0x64 ./board/clock_config.o
                0x000028b8                BOARD_BootClockRUN
 .text.CLOCK_EnableClock
                0x0000291c       0x34 ./board/pin_mux.o
 .text.PORT_SetPinMux
                0x00002950       0x40 ./board/pin_mux.o
 .text.BOARD_InitPins
                0x00002990       0x4c ./board/pin_mux.o
                0x00002990                BOARD_InitPins
 .text.SystemInit
                0x000029dc       0x18 ./CMSIS/system_MKL25Z4.o
                0x000029dc                SystemInit
 .text.__filbuf
                0x000029f4      0x188 e:/sriraj/nxp/ide/plugins/com.nxp.mcuxpresso.tools.win32_11.6.0.202112161359/tools/bin/../lib/gcc/arm-none-eabi/10.3.1/../../../../arm-none-eabi/lib/thumb/v6-m/nofp\libcr_c.a(__fillbuf.o)
                0x000029f4                __filbuf
 .text._deferredlazyseek
                0x00002b7c       0x40 e:/sriraj/nxp/ide/plugins/com.nxp.mcuxpresso.tools.win32_11.6.0.202112161359/tools/bin/../lib/gcc/arm-none-eabi/10.3.1/../../../../arm-none-eabi/lib/thumb/v6-m/nofp\libcr_c.a(_deferredlazyseek.o)
                0x00002b7c                _deferredlazyseek
 .text.__flsbuf
                0x00002bbc      0x150 e:/sriraj/nxp/ide/plugins/com.nxp.mcuxpresso.tools.win32_11.6.0.202112161359/tools/bin/../lib/gcc/arm-none-eabi/10.3.1/../../../../arm-none-eabi/lib/thumb/v6-m/nofp\libcr_c.a(_deferredlazyseek.o)
                0x00002bbc                __flsbuf
 .text._fflush  0x00002d0c       0x60 e:/sriraj/nxp/ide/plugins/com.nxp.mcuxpresso.tools.win32_11.6.0.202112161359/tools/bin/../lib/gcc/arm-none-eabi/10.3.1/../../../../arm-none-eabi/lib/thumb/v6-m/nofp\libcr_c.a(_fflush.o)
                0x00002d0c                _fflush
 .text._Cwritebuf
                0x00002d6c       0x68 e:/sriraj/nxp/ide/plugins/com.nxp.mcuxpresso.tools.win32_11.6.0.202112161359/tools/bin/../lib/gcc/arm-none-eabi/10.3.1/../../../../arm-none-eabi/lib/thumb/v6-m/nofp\libcr_c.a(_writebuf.o)
                0x00002d6c                _Cwritebuf
 .text.malloc   0x00002dd4       0xcc e:/sriraj/nxp/ide/plugins/com.nxp.mcuxpresso.tools.win32_11.6.0.202112161359/tools/bin/../lib/gcc/arm-none-eabi/10.3.1/../../../../arm-none-eabi/lib/thumb/v6-m/nofp\libcr_c.a(alloc.o)
                0x00002dd4                malloc
 .text._Csys_alloc
                0x00002ea0       0x20 e:/sriraj/nxp/ide/plugins/com.nxp.mcuxpresso.tools.win32_11.6.0.202112161359/tools/bin/../lib/gcc/arm-none-eabi/10.3.1/../../../../arm-none-eabi/lib/thumb/v6-m/nofp\libcr_c.a(alloc.o)
                0x00002ea0                _Csys_alloc
 .text.atan2    0x00002ec0      0x108 e:/sriraj/nxp/ide/plugins/com.nxp.mcuxpresso.tools.win32_11.6.0.202112161359/tools/bin/../lib/gcc/arm-none-eabi/10.3.1/../../../../arm-none-eabi/lib/thumb/v6-m/nofp\libcr_c.a(atan2.o)
                0x00002ec0                atan2
 .text.fseek    0x00002fc8       0xf0 e:/sriraj/nxp/ide/plugins/com.nxp.mcuxpresso.tools.win32_11.6.0.202112161359/tools/bin/../lib/gcc/arm-none-eabi/10.3.1/../../../../arm-none-eabi/lib/thumb/v6-m/nofp\libcr_c.a(fseek.o)
                0x00002fc8                fseek
 .text.ftell    0x000030b8       0x48 e:/sriraj/nxp/ide/plugins/com.nxp.mcuxpresso.tools.win32_11.6.0.202112161359/tools/bin/../lib/gcc/arm-none-eabi/10.3.1/../../../../arm-none-eabi/lib/thumb/v6-m/nofp\libcr_c.a(ftell.o)
                0x000030b8                ftell
 .text._initio  0x00003100       0x7c e:/sriraj/nxp/ide/plugins/com.nxp.mcuxpresso.tools.win32_11.6.0.202112161359/tools/bin/../lib/gcc/arm-none-eabi/10.3.1/../../../../arm-none-eabi/lib/thumb/v6-m/nofp\libcr_c.a(initio.o)
                0x00003100                _initio
 .text.__vfprintf
                0x0000317c      0xd40 e:/sriraj/nxp/ide/plugins/com.nxp.mcuxpresso.tools.win32_11.6.0.202112161359/tools/bin/../lib/gcc/arm-none-eabi/10.3.1/../../../../arm-none-eabi/lib/thumb/v6-m/nofp\libcr_c.a(printf.o)
                0x0000317c                __vfprintf
 .text._vsnprintf
                0x00003ebc       0x70 e:/sriraj/nxp/ide/plugins/com.nxp.mcuxpresso.tools.win32_11.6.0.202112161359/tools/bin/../lib/gcc/arm-none-eabi/10.3.1/../../../../arm-none-eabi/lib/thumb/v6-m/nofp\libcr_c.a(printf.o)
                0x00003ebc                _vsnprintf
 .text._printf  0x00003f2c       0x50 e:/sriraj/nxp/ide/plugins/com.nxp.mcuxpresso.tools.win32_11.6.0.202112161359/tools/bin/../lib/gcc/arm-none-eabi/10.3.1/../../../../arm-none-eabi/lib/thumb/v6-m/nofp\libcr_c.a(printf.o)
                0x00003f2c                _printf
 .text.setvbuf  0x00003f7c       0x4c e:/sriraj/nxp/ide/plugins/com.nxp.mcuxpresso.tools.win32_11.6.0.202112161359/tools/bin/../lib/gcc/arm-none-eabi/10.3.1/../../../../arm-none-eabi/lib/thumb/v6-m/nofp\libcr_c.a(setvbuf.o)
                0x00003f7c                setvbuf
 .text.sqrt     0x00003fc8      0x134 e:/sriraj/nxp/ide/plugins/com.nxp.mcuxpresso.tools.win32_11.6.0.202112161359/tools/bin/../lib/gcc/arm-none-eabi/10.3.1/../../../../arm-none-eabi/lib/thumb/v6-m/nofp\libcr_c.a(sqrt.o)
                0x00003fc8                sqrt
 .text.strcmp   0x000040fc       0x44 e:/sriraj/nxp/ide/plugins/com.nxp.mcuxpresso.tools.win32_11.6.0.202112161359/tools/bin/../lib/gcc/arm-none-eabi/10.3.1/../../../../arm-none-eabi/lib/thumb/v6-m/nofp\libcr_c.a(strcmp.o)
                0x000040fc                strcmp
 .text.strlen   0x00004140       0x58 e:/sriraj/nxp/ide/plugins/com.nxp.mcuxpresso.tools.win32_11.6.0.202112161359/tools/bin/../lib/gcc/arm-none-eabi/10.3.1/../../../../arm-none-eabi/lib/thumb/v6-m/nofp\libcr_c.a(strlen.o)
                0x00004140                strlen
 .text._sbrk    0x00004198       0x44 e:/sriraj/nxp/ide/plugins/com.nxp.mcuxpresso.tools.win32_11.6.0.202112161359/tools/bin/../lib/gcc/arm-none-eabi/10.3.1/../../../../arm-none-eabi/lib/thumb/v6-m/nofp\libcr_c.a(_cr_sbrk.o)
                0x00004198                _sbrk
 .text._fdopen  0x000041dc       0x74 e:/sriraj/nxp/ide/plugins/com.nxp.mcuxpresso.tools.win32_11.6.0.202112161359/tools/bin/../lib/gcc/arm-none-eabi/10.3.1/../../../../arm-none-eabi/lib/thumb/v6-m/nofp\libcr_c.a(_fdopen.o)
                0x000041dc                _fdopen
 .text.atan     0x00004250      0x204 e:/sriraj/nxp/ide/plugins/com.nxp.mcuxpresso.tools.win32_11.6.0.202112161359/tools/bin/../lib/gcc/arm-none-eabi/10.3.1/../../../../arm-none-eabi/lib/thumb/v6-m/nofp\libcr_c.a(atan.o)
                0x00004250                atan
 .text.fclose   0x00004454       0x5c e:/sriraj/nxp/ide/plugins/com.nxp.mcuxpresso.tools.win32_11.6.0.202112161359/tools/bin/../lib/gcc/arm-none-eabi/10.3.1/../../../../arm-none-eabi/lib/thumb/v6-m/nofp\libcr_c.a(fclose.o)
                0x00004454                fclose
 .text.fflush   0x000044b0       0x44 e:/sriraj/nxp/ide/plugins/com.nxp.mcuxpresso.tools.win32_11.6.0.202112161359/tools/bin/../lib/gcc/arm-none-eabi/10.3.1/../../../../arm-none-eabi/lib/thumb/v6-m/nofp\libcr_c.a(fflush.o)
                0x000044b0                fflush
 .text.__check_heap_overflow
                0x000044f4       0x18 e:/sriraj/nxp/ide/plugins/com.nxp.mcuxpresso.tools.win32_11.6.0.202112161359/tools/bin/../lib/gcc/arm-none-eabi/10.3.1/../../../../arm-none-eabi/lib/thumb/v6-m/nofp\libcr_c.a(_cr_check_heap.o)
                0x000044f4                __check_heap_overflow
 .text._do_fflush
                0x0000450c       0x48 e:/sriraj/nxp/ide/plugins/com.nxp.mcuxpresso.tools.win32_11.6.0.202112161359/tools/bin/../lib/gcc/arm-none-eabi/10.3.1/../../../../arm-none-eabi/lib/thumb/v6-m/nofp\libcr_c.a(_do_fflush.o)
                0x0000450c                _do_fflush
 .text.__aeabi_dmul
                0x00004554      0x184 e:/sriraj/nxp/ide/plugins/com.nxp.mcuxpresso.tools.win32_11.6.0.202112161359/tools/bin/../lib/gcc/arm-none-eabi/10.3.1/thumb/v6-m/nofp\libcr_eabihelpers.a(double.o)
                0x00004554                __aeabi_dmul
 .text.__aeabi_ddiv
                0x000046d8      0x14c e:/sriraj/nxp/ide/plugins/com.nxp.mcuxpresso.tools.win32_11.6.0.202112161359/tools/bin/../lib/gcc/arm-none-eabi/10.3.1/thumb/v6-m/nofp\libcr_eabihelpers.a(double.o)
                0x000046d8                __aeabi_ddiv
 .text.__aeabi_dsub
                0x00004824      0x1c0 e:/sriraj/nxp/ide/plugins/com.nxp.mcuxpresso.tools.win32_11.6.0.202112161359/tools/bin/../lib/gcc/arm-none-eabi/10.3.1/thumb/v6-m/nofp\libcr_eabihelpers.a(double.o)
                0x00004824                __aeabi_dsub
 .text.__aeabi_dadd
                0x000049e4      0x134 e:/sriraj/nxp/ide/plugins/com.nxp.mcuxpresso.tools.win32_11.6.0.202112161359/tools/bin/../lib/gcc/arm-none-eabi/10.3.1/thumb/v6-m/nofp\libcr_eabihelpers.a(double.o)
                0x000049e4                __aeabi_dadd
 .text.__aeabi_d2f
                0x00004b18       0x60 e:/sriraj/nxp/ide/plugins/com.nxp.mcuxpresso.tools.win32_11.6.0.202112161359/tools/bin/../lib/gcc/arm-none-eabi/10.3.1/thumb/v6-m/nofp\libcr_eabihelpers.a(double.o)
                0x00004b18                __aeabi_d2f
 .text.__aeabi_d2iz
                0x00004b78       0x50 e:/sriraj/nxp/ide/plugins/com.nxp.mcuxpresso.tools.win32_11.6.0.202112161359/tools/bin/../lib/gcc/arm-none-eabi/10.3.1/thumb/v6-m/nofp\libcr_eabihelpers.a(double.o)
                0x00004b78                __aeabi_d2iz
 .text.__aeabi_dcmpeq
                0x00004bc8       0x30 e:/sriraj/nxp/ide/plugins/com.nxp.mcuxpresso.tools.win32_11.6.0.202112161359/tools/bin/../lib/gcc/arm-none-eabi/10.3.1/thumb/v6-m/nofp\libcr_eabihelpers.a(double.o)
                0x00004bc8                __aeabi_dcmpeq
 .text.__aeabi_dcmplt
                0x00004bf8       0x60 e:/sriraj/nxp/ide/plugins/com.nxp.mcuxpresso.tools.win32_11.6.0.202112161359/tools/bin/../lib/gcc/arm-none-eabi/10.3.1/thumb/v6-m/nofp\libcr_eabihelpers.a(double.o)
                0x00004bf8                __aeabi_dcmplt
 .text.__aeabi_dcmpgt
                0x00004c58       0x5c e:/sriraj/nxp/ide/plugins/com.nxp.mcuxpresso.tools.win32_11.6.0.202112161359/tools/bin/../lib/gcc/arm-none-eabi/10.3.1/thumb/v6-m/nofp\libcr_eabihelpers.a(double.o)
                0x00004c58                __aeabi_dcmpgt
 .text.__aeabi_dcmple
                0x00004cb4       0x5c e:/sriraj/nxp/ide/plugins/com.nxp.mcuxpresso.tools.win32_11.6.0.202112161359/tools/bin/../lib/gcc/arm-none-eabi/10.3.1/thumb/v6-m/nofp\libcr_eabihelpers.a(double.o)
                0x00004cb4                __aeabi_dcmple
 .text.__aeabi_fmul
                0x00004d10       0xc0 e:/sriraj/nxp/ide/plugins/com.nxp.mcuxpresso.tools.win32_11.6.0.202112161359/tools/bin/../lib/gcc/arm-none-eabi/10.3.1/thumb/v6-m/nofp\libcr_eabihelpers.a(float.o)
                0x00004d10                __aeabi_fmul
 .text.__aeabi_fsub
                0x00004dd0      0x128 e:/sriraj/nxp/ide/plugins/com.nxp.mcuxpresso.tools.win32_11.6.0.202112161359/tools/bin/../lib/gcc/arm-none-eabi/10.3.1/thumb/v6-m/nofp\libcr_eabihelpers.a(float.o)
                0x00004dd0                __aeabi_fsub
 .text.__aeabi_fadd
                0x00004ef8       0xac e:/sriraj/nxp/ide/plugins/com.nxp.mcuxpresso.tools.win32_11.6.0.202112161359/tools/bin/../lib/gcc/arm-none-eabi/10.3.1/thumb/v6-m/nofp\libcr_eabihelpers.a(float.o)
                0x00004ef8                __aeabi_fadd
 .text.__aeabi_f2iz
                0x00004fa4       0x3c e:/sriraj/nxp/ide/plugins/com.nxp.mcuxpresso.tools.win32_11.6.0.202112161359/tools/bin/../lib/gcc/arm-none-eabi/10.3.1/thumb/v6-m/nofp\libcr_eabihelpers.a(float.o)
                0x00004fa4                __aeabi_f2iz
 .text.__aeabi_f2d
                0x00004fe0       0x40 e:/sriraj/nxp/ide/plugins/com.nxp.mcuxpresso.tools.win32_11.6.0.202112161359/tools/bin/../lib/gcc/arm-none-eabi/10.3.1/thumb/v6-m/nofp\libcr_eabihelpers.a(float.o)
                0x00004fe0                __aeabi_f2d
 .text.UART_EnableTx
                0x00005020       0x40 ./utilities/fsl_debug_console.o
 .text.UART_EnableRx
                0x00005060       0x40 ./utilities/fsl_debug_console.o
 .text.LPSCI_EnableTx
                0x000050a0       0x40 ./utilities/fsl_debug_console.o
 .text.LPSCI_EnableRx
                0x000050e0       0x40 ./utilities/fsl_debug_console.o
 .text.DbgConsole_PrintfPaddingCharacter
                0x00005120       0x48 ./utilities/fsl_debug_console.o
 .text.DbgConsole_ConvertRadixNumToString
                0x00005168      0x114 ./utilities/fsl_debug_console.o
 .text.DbgConsole_PrintfFormattedData
                0x0000527c      0x33a ./utilities/fsl_debug_console.o
 .text.init_mma
                0x000055b6       0x16 ./source/accelerometer.o
                0x000055b6                init_mma
 .text.Q_Init   0x000055cc       0x4a ./source/circularbufferqueue.o
                0x000055cc                Q_Init
 .text.Q_Full   0x00005616       0x26 ./source/circularbufferqueue.o
                0x00005616                Q_Full
 .text.Q_Size   0x0000563c       0x18 ./source/circularbufferqueue.o
                0x0000563c                Q_Size
 .text.Q_enqueue
                0x00005654       0xd4 ./source/circularbufferqueue.o
                0x00005654                Q_enqueue
 .text.Q_dequeue
                0x00005728       0xce ./source/circularbufferqueue.o
                0x00005728                Q_dequeue
 .text.OSC_SetExtRefClkConfig
                0x000057f6       0x3e ./drivers/fsl_clock.o
 .text.OSC_SetCapLoad
                0x00005834       0x42 ./drivers/fsl_clock.o
 .text.CLOCK_GetPll0RefFreq
                0x00005876       0x10 ./drivers/fsl_clock.o
 .text.CLOCK_SetExternalRefClkConfig
                0x00005886       0x16 ./drivers/fsl_clock.o
                0x00005886                CLOCK_SetExternalRefClkConfig
 .text.LPSCI_GetStatusFlags
                0x0000589c       0x26 ./drivers/fsl_lpsci.o
                0x0000589c                LPSCI_GetStatusFlags
 .text.UART_GetStatusFlags
                0x000058c2       0x26 ./drivers/fsl_uart.o
                0x000058c2                UART_GetStatusFlags
 .text.UART_WriteBlocking
                0x000058e8       0x3c ./drivers/fsl_uart.o
                0x000058e8                UART_WriteBlocking
 .text.BOARD_InitBootClocks
                0x00005924        0xe ./board/clock_config.o
                0x00005924                BOARD_InitBootClocks
 .text.BOARD_InitBootPeripherals
                0x00005932        0xa ./board/peripherals.o
                0x00005932                BOARD_InitBootPeripherals
 .text.BOARD_InitBootPins
                0x0000593c        0xe ./board/pin_mux.o
                0x0000593c                BOARD_InitBootPins
 .text.__main   0x0000594a        0xc e:/sriraj/nxp/ide/plugins/com.nxp.mcuxpresso.tools.win32_11.6.0.202112161359/tools/bin/../lib/gcc/arm-none-eabi/10.3.1/../../../../arm-none-eabi/lib/thumb/v6-m/nofp\libcr_nohost_nf.a(_cr__main.o)
                0x0000594a                __main
 .text.memset   0x00005956        0x8 e:/sriraj/nxp/ide/plugins/com.nxp.mcuxpresso.tools.win32_11.6.0.202112161359/tools/bin/../lib/gcc/arm-none-eabi/10.3.1/../../../../arm-none-eabi/lib/thumb/v6-m/nofp\libcr_c.a(memset.o)
                0x00005956                memset
 .text._Csys_read_
                0x0000595e       0x24 e:/sriraj/nxp/ide/plugins/com.nxp.mcuxpresso.tools.win32_11.6.0.202112161359/tools/bin/../lib/gcc/arm-none-eabi/10.3.1/../../../../arm-none-eabi/lib/thumb/v6-m/nofp\libcr_c.a(__fillbuf.o)
                0x0000595e                _Csys_read_
 .text.free     0x00005982       0x2c e:/sriraj/nxp/ide/plugins/com.nxp.mcuxpresso.tools.win32_11.6.0.202112161359/tools/bin/../lib/gcc/arm-none-eabi/10.3.1/../../../../arm-none-eabi/lib/thumb/v6-m/nofp\libcr_c.a(alloc.o)
                0x00005982                free
 .text.fabs     0x000059ae       0x22 e:/sriraj/nxp/ide/plugins/com.nxp.mcuxpresso.tools.win32_11.6.0.202112161359/tools/bin/../lib/gcc/arm-none-eabi/10.3.1/../../../../arm-none-eabi/lib/thumb/v6-m/nofp\libcr_c.a(fabs.o)
                0x000059ae                fabs
 .text.no_fp_display
                0x000059d0        0x4 e:/sriraj/nxp/ide/plugins/com.nxp.mcuxpresso.tools.win32_11.6.0.202112161359/tools/bin/../lib/gcc/arm-none-eabi/10.3.1/../../../../arm-none-eabi/lib/thumb/v6-m/nofp\libcr_c.a(printf.o)
 .text.remove   0x000059d4       0x12 e:/sriraj/nxp/ide/plugins/com.nxp.mcuxpresso.tools.win32_11.6.0.202112161359/tools/bin/../lib/gcc/arm-none-eabi/10.3.1/../../../../arm-none-eabi/lib/thumb/v6-m/nofp\libcr_c.a(remove.o)
                0x000059d4                remove
 .text.__aeabi_division_idivmod
                0x000059e6       0x78 e:/sriraj/nxp/ide/plugins/com.nxp.mcuxpresso.tools.win32_11.6.0.202112161359/tools/bin/../lib/gcc/arm-none-eabi/10.3.1/thumb/v6-m/nofp\libcr_eabihelpers.a(division_32.o)
                0x000059e6                __aeabi_idivmod
                0x000059e6                __aeabi_idiv
                0x000059ec                __aeabi_uidivmod
                0x000059ec                __aeabi_uidiv
 .text.__aeabi_division_idiv0
                0x00005a5e        0x2 e:/sriraj/nxp/ide/plugins/com.nxp.mcuxpresso.tools.win32_11.6.0.202112161359/tools/bin/../lib/gcc/arm-none-eabi/10.3.1/thumb/v6-m/nofp\libcr_eabihelpers.a(division_idiv0.o)
                0x00005a5e                __aeabi_idiv0
 .text.__bhs_ui2d
                0x00005a60       0x5e e:/sriraj/nxp/ide/plugins/com.nxp.mcuxpresso.tools.win32_11.6.0.202112161359/tools/bin/../lib/gcc/arm-none-eabi/10.3.1/thumb/v6-m/nofp\libcr_eabihelpers.a(double.o)
                0x00005a60                __bhs_ui2d
 .text.__aeabi_i2d
                0x00005abe       0x18 e:/sriraj/nxp/ide/plugins/com.nxp.mcuxpresso.tools.win32_11.6.0.202112161359/tools/bin/../lib/gcc/arm-none-eabi/10.3.1/thumb/v6-m/nofp\libcr_eabihelpers.a(double.o)
                0x00005abe                __aeabi_i2d
 .text.__bhs_ui2f
                0x00005ad6       0x60 e:/sriraj/nxp/ide/plugins/com.nxp.mcuxpresso.tools.win32_11.6.0.202112161359/tools/bin/../lib/gcc/arm-none-eabi/10.3.1/thumb/v6-m/nofp\libcr_eabihelpers.a(float.o)
                0x00005ad6                __bhs_ui2f
 .text.__aeabi_i2f
                0x00005b36       0x18 e:/sriraj/nxp/ide/plugins/com.nxp.mcuxpresso.tools.win32_11.6.0.202112161359/tools/bin/../lib/gcc/arm-none-eabi/10.3.1/thumb/v6-m/nofp\libcr_eabihelpers.a(float.o)
                0x00005b36                __aeabi_i2f
 .text.__aeabi_fcmpeq
                0x00005b4e       0x20 e:/sriraj/nxp/ide/plugins/com.nxp.mcuxpresso.tools.win32_11.6.0.202112161359/tools/bin/../lib/gcc/arm-none-eabi/10.3.1/thumb/v6-m/nofp\libcr_eabihelpers.a(float.o)
                0x00005b4e                __aeabi_fcmpeq
 .text.__aeabi_llong_lmul
                0x00005b6e       0x2e e:/sriraj/nxp/ide/plugins/com.nxp.mcuxpresso.tools.win32_11.6.0.202112161359/tools/bin/../lib/gcc/arm-none-eabi/10.3.1/thumb/v6-m/nofp\libcr_eabihelpers.a(llong.o)
                0x00005b6e                __aeabi_lmul
 .text.__aeabi_memset_lowlevel
                0x00005b9c       0x2a e:/sriraj/nxp/ide/plugins/com.nxp.mcuxpresso.tools.win32_11.6.0.202112161359/tools/bin/../lib/gcc/arm-none-eabi/10.3.1/thumb/v6-m/nofp\libcr_eabihelpers.a(memcpy.o)
                0x00005b9c                __aeabi_lowlevel_memset
 .text.__gnu_thumb1_case_shi
                0x00005bc6       0x10 e:/sriraj/nxp/ide/plugins/com.nxp.mcuxpresso.tools.win32_11.6.0.202112161359/tools/bin/../lib/gcc/arm-none-eabi/10.3.1/thumb/v6-m/nofp\libcr_eabihelpers.a(thumb1_switch_helpers.o)
                0x00005bc6                __gnu_thumb1_case_shi
 .text.__sys_appexit
                0x00005bd6        0x2 e:/sriraj/nxp/ide/plugins/com.nxp.mcuxpresso.tools.win32_11.6.0.202112161359/tools/bin/../lib/gcc/arm-none-eabi/10.3.1/../../../../arm-none-eabi/lib/thumb/v6-m/nofp\libcr_nohost_nf.a(__sys_appexit.o)
                0x00005bd6                __sys_appexit
                0x00005bd6                __exit
 .text.__sys_close
                0x00005bd8        0x6 e:/sriraj/nxp/ide/plugins/com.nxp.mcuxpresso.tools.win32_11.6.0.202112161359/tools/bin/../lib/gcc/arm-none-eabi/10.3.1/../../../../arm-none-eabi/lib/thumb/v6-m/nofp\libcr_nohost_nf.a(__sys_close.o)
                0x00005bd8                __sys_close
 .text.__sys_flen
                0x00005bde        0x6 e:/sriraj/nxp/ide/plugins/com.nxp.mcuxpresso.tools.win32_11.6.0.202112161359/tools/bin/../lib/gcc/arm-none-eabi/10.3.1/../../../../arm-none-eabi/lib/thumb/v6-m/nofp\libcr_nohost_nf.a(__sys_flen.o)
                0x00005bde                __sys_flen
 .text.__sys_istty
                0x00005be4        0x6 e:/sriraj/nxp/ide/plugins/com.nxp.mcuxpresso.tools.win32_11.6.0.202112161359/tools/bin/../lib/gcc/arm-none-eabi/10.3.1/../../../../arm-none-eabi/lib/thumb/v6-m/nofp\libcr_nohost_nf.a(__sys_istty.o)
                0x00005be4                __sys_istty
 .text.__sys_read
                0x00005bea        0x4 e:/sriraj/nxp/ide/plugins/com.nxp.mcuxpresso.tools.win32_11.6.0.202112161359/tools/bin/../lib/gcc/arm-none-eabi/10.3.1/../../../../arm-none-eabi/lib/thumb/v6-m/nofp\libcr_nohost_nf.a(__sys_read.o)
                0x00005bea                __sys_read
 .text.__sys_remove
                0x00005bee        0x6 e:/sriraj/nxp/ide/plugins/com.nxp.mcuxpresso.tools.win32_11.6.0.202112161359/tools/bin/../lib/gcc/arm-none-eabi/10.3.1/../../../../arm-none-eabi/lib/thumb/v6-m/nofp\libcr_nohost_nf.a(__sys_remove.o)
                0x00005bee                __sys_remove
 .text.__sys_seek
                0x00005bf4        0x6 e:/sriraj/nxp/ide/plugins/com.nxp.mcuxpresso.tools.win32_11.6.0.202112161359/tools/bin/../lib/gcc/arm-none-eabi/10.3.1/../../../../arm-none-eabi/lib/thumb/v6-m/nofp\libcr_nohost_nf.a(__sys_seek.o)
                0x00005bf4                __sys_seek
 .text.__sys_tmpnam
                0x00005bfa        0x6 e:/sriraj/nxp/ide/plugins/com.nxp.mcuxpresso.tools.win32_11.6.0.202112161359/tools/bin/../lib/gcc/arm-none-eabi/10.3.1/../../../../arm-none-eabi/lib/thumb/v6-m/nofp\libcr_nohost_nf.a(__sys_tmpnam.o)
                0x00005bfa                __sys_tmpnam
 *(SORT_BY_ALIGNMENT(.rodata) SORT_BY_ALIGNMENT(.rodata.*) SORT_BY_ALIGNMENT(.constdata) SORT_BY_ALIGNMENT(.constdata.*))
 .rodata.a.0    0x00005c00       0x20 e:/sriraj/nxp/ide/plugins/com.nxp.mcuxpresso.tools.win32_11.6.0.202112161359/tools/bin/../lib/gcc/arm-none-eabi/10.3.1/../../../../arm-none-eabi/lib/thumb/v6-m/nofp\libcr_c.a(atan.o)
 .rodata.calibrate_cmd_check.str1.4
                0x00005c20       0x64 ./source/Accelerometermainproject.o
                                 0x68 (size before relaxing)
 .rodata.test_led_PWM.str1.4
                0x00005c84       0x6c ./source/test_accel.o
 .rodata.CLOCK_GetMcgExtClkFreq.str1.4
                0x00005cf0       0x1e ./drivers/fsl_clock.o
 *fill*         0x00005d0e        0x2 ff
 .rodata.CLOCK_GetPll0Freq.str1.4
                0x00005d10       0x1d ./drivers/fsl_clock.o
 *fill*         0x00005d2d        0x3 ff
 .rodata.CLOCK_EnablePll0.str1.4
                0x00005d30       0x19 ./drivers/fsl_clock.o
 *fill*         0x00005d49        0x3 ff
 .rodata.CLOCK_SetPbeMode.str1.4
                0x00005d4c       0x1a ./drivers/fsl_clock.o
 *fill*         0x00005d66        0x2 ff
 .rodata.CLOCK_BootToPeeMode.str1.4
                0x00005d68       0x1a ./drivers/fsl_clock.o
 *fill*         0x00005d82        0x2 ff
 .rodata.fllFactorTable.1
                0x00005d84       0x10 ./drivers/fsl_clock.o
 .rodata.__assertion_failed.str1.4
                0x00005d94        0x4 ./drivers/fsl_common.o
 .rodata.LPSCI_GetInstance.str1.4
                0x00005d98       0x36 ./drivers/fsl_lpsci.o
 *fill*         0x00005dce        0x2 ff
 .rodata.LPSCI_Init.str1.4
                0x00005dd0       0x43 ./drivers/fsl_lpsci.o
 *fill*         0x00005e13        0x1 ff
 .rodata.LPSCI_GetDefaultConfig.str1.4
                0x00005e14       0x19 ./drivers/fsl_lpsci.o
 *fill*         0x00005e2d        0x3 ff
 .rodata.LPSCI_WriteBlocking.str1.4
                0x00005e30       0x17 ./drivers/fsl_lpsci.o
 *fill*         0x00005e47        0x1 ff
 .rodata.LPSCI_ReadBlocking.str1.4
                0x00005e48       0x17 ./drivers/fsl_lpsci.o
 *fill*         0x00005e5f        0x1 ff
 .rodata.s_uartBases
                0x00005e60        0xc ./drivers/fsl_uart.o
 .rodata.s_uartClock
                0x00005e6c        0xc ./drivers/fsl_uart.o
 .rodata.UART_GetInstance.str1.4
                0x00005e78       0x2b ./drivers/fsl_uart.o
 *fill*         0x00005ea3        0x1 ff
 .rodata.UART_Init.str1.4
                0x00005ea4       0x3e ./drivers/fsl_uart.o
 *fill*         0x00005ee2        0x2 ff
 .rodata.UART_GetDefaultConfig.str1.4
                0x00005ee4       0x18 ./drivers/fsl_uart.o
 .rodata.UART_ReadBlocking.str1.4
                0x00005efc       0x16 ./drivers/fsl_uart.o
 *fill*         0x00005f12        0x2 ff
 .rodata.mcgConfig_BOARD_BootClockRUN
                0x00005f14        0xa ./board/clock_config.o
                0x00005f14                mcgConfig_BOARD_BootClockRUN
 *fill*         0x00005f1e        0x2 ff
 .rodata.simConfig_BOARD_BootClockRUN
                0x00005f20        0x8 ./board/clock_config.o
                0x00005f20                simConfig_BOARD_BootClockRUN
 .rodata.oscConfig_BOARD_BootClockRUN
                0x00005f28        0x8 ./board/clock_config.o
                0x00005f28                oscConfig_BOARD_BootClockRUN
 .rodata.__num_Ciob_streams
                0x00005f30        0x4 e:/sriraj/nxp/ide/plugins/com.nxp.mcuxpresso.tools.win32_11.6.0.202112161359/tools/bin/../lib/gcc/arm-none-eabi/10.3.1/../../../../arm-none-eabi/lib/thumb/v6-m/nofp\libcr_nohost_nf.a(__ciob.o)
                0x00005f30                __num_Ciob_streams
 .rodata._Csys_alloc.str1.1
                0x00005f34       0x18 e:/sriraj/nxp/ide/plugins/com.nxp.mcuxpresso.tools.win32_11.6.0.202112161359/tools/bin/../lib/gcc/arm-none-eabi/10.3.1/../../../../arm-none-eabi/lib/thumb/v6-m/nofp\libcr_c.a(alloc.o)
 .rodata._initio.str1.1
                0x00005f4c        0x4 e:/sriraj/nxp/ide/plugins/com.nxp.mcuxpresso.tools.win32_11.6.0.202112161359/tools/bin/../lib/gcc/arm-none-eabi/10.3.1/../../../../arm-none-eabi/lib/thumb/v6-m/nofp\libcr_c.a(initio.o)
 .rodata.__vfprintf.str1.1
                0x00005f50       0x37 e:/sriraj/nxp/ide/plugins/com.nxp.mcuxpresso.tools.win32_11.6.0.202112161359/tools/bin/../lib/gcc/arm-none-eabi/10.3.1/../../../../arm-none-eabi/lib/thumb/v6-m/nofp\libcr_c.a(printf.o)
                                 0x38 (size before relaxing)
                0x00005f88                . = ALIGN (0x4)
 *fill*         0x00005f87        0x1 ff
                0x00005f88                _etext = .

.glue_7         0x00005f88        0x0
 .glue_7        0x00005f88        0x0 linker stubs

.glue_7t        0x00005f88        0x0
 .glue_7t       0x00005f88        0x0 linker stubs

.vfp11_veneer   0x00005f88        0x0
 .vfp11_veneer  0x00005f88        0x0 linker stubs

.v4_bx          0x00005f88        0x0
 .v4_bx         0x00005f88        0x0 linker stubs

.iplt           0x00005f88        0x0
 .iplt          0x00005f88        0x0 ./utilities/fsl_debug_console.o

.rel.dyn        0x00005f88        0x0
 .rel.iplt      0x00005f88        0x0 ./utilities/fsl_debug_console.o

.m_usb_data
 *(SORT_BY_ALIGNMENT(m_usb_bdt))

.mtb_buffer_default
                0x1ffff000       0x80
 *(SORT_BY_ALIGNMENT(.mtb*))
 .mtb.$RAM1     0x1ffff000       0x80 ./source/mtb.o
                0x1ffff000                __mtb_buffer__

.uninit_RESERVED
                0x1ffff080        0x0
                0x1ffff080                _start_uninit_RESERVED = .
 *(SORT_BY_ALIGNMENT(.bss.$RESERVED*))
                0x1ffff080                . = ALIGN (0x4)
                0x1ffff080                _end_uninit_RESERVED = .

.data           0x1ffff080        0x8 load address 0x00005f88
 FILL mask 0xff
                0x1ffff080                _data = .
                [!provide]                PROVIDE (__start_data_RAM = .)
                [!provide]                PROVIDE (__start_data_SRAM = .)
 *(SORT_BY_ALIGNMENT(vtable))
 *(SORT_BY_ALIGNMENT(.ramfunc*))
 *(SORT_BY_ALIGNMENT(CodeQuickAccess))
 *(SORT_BY_ALIGNMENT(DataQuickAccess))
 *(SORT_BY_ALIGNMENT(RamFunction))
 *(SORT_BY_ALIGNMENT(.data*))
 .data.s_slowIrcFreq
                0x1ffff080        0x4 ./drivers/fsl_clock.o
 .data.SystemCoreClock
                0x1ffff084        0x4 ./CMSIS/system_MKL25Z4.o
                0x1ffff084                SystemCoreClock
                0x1ffff088                . = ALIGN (0x4)
                0x1ffff088                _edata = .
                [!provide]                PROVIDE (__end_data_RAM = .)
                [!provide]                PROVIDE (__end_data_SRAM = .)

.igot.plt       0x1ffff088        0x0 load address 0x00005f90
 .igot.plt      0x1ffff088        0x0 ./utilities/fsl_debug_console.o

.bss            0x1ffff088      0x454
                0x1ffff088                _bss = .
                [!provide]                PROVIDE (__start_bss_RAM = .)
                [!provide]                PROVIDE (__start_bss_SRAM = .)
 *(SORT_BY_ALIGNMENT(.bss*))
 .bss.s_debugConsole
                0x1ffff088       0x10 ./utilities/fsl_debug_console.o
 .bss.data_rec_flag
                0x1ffff098        0x4 ./source/Accelerometermainproject.o
                0x1ffff098                data_rec_flag
 .bss.str       0x1ffff09c      0x100 ./source/Accelerometermainproject.o
                0x1ffff09c                str
 .bss.enter_flag
                0x1ffff19c        0x4 ./source/Accelerometermainproject.o
                0x1ffff19c                enter_flag
 .bss.i         0x1ffff1a0        0x4 ./source/Accelerometermainproject.o
                0x1ffff1a0                i
 .bss.tx_queue  0x1ffff1a4      0x10c ./source/UARTcomm.o
                0x1ffff1a4                tx_queue
 .bss.rx_queue  0x1ffff2b0      0x10c ./source/UARTcomm.o
                0x1ffff2b0                rx_queue
 .bss.roll      0x1ffff3bc        0x4 ./source/accelerometer.o
                0x1ffff3bc                roll
 .bss.pitch     0x1ffff3c0        0x4 ./source/accelerometer.o
                0x1ffff3c0                pitch
 .bss.lock_detect
                0x1ffff3c4        0x4 ./source/i2c.o
                0x1ffff3c4                lock_detect
 .bss.i2c_lock  0x1ffff3c8        0x4 ./source/i2c.o
                0x1ffff3c8                i2c_lock
 .bss.gpio_trig_flag
                0x1ffff3cc        0x4 ./source/inputtrigger.o
                0x1ffff3cc                gpio_trig_flag
 .bss.roll_val  0x1ffff3d0        0x4 ./source/statemachine.o
                0x1ffff3d0                roll_val
 .bss.ref_roll_val
                0x1ffff3d4        0x4 ./source/statemachine.o
                0x1ffff3d4                ref_roll_val
 .bss.roll_value
                0x1ffff3d8        0x4 ./source/statemachine.o
                0x1ffff3d8                roll_value
 .bss.led_color
                0x1ffff3dc        0xc ./source/statemachine.o
                0x1ffff3dc                led_color
 .bss.timerafterstart
                0x1ffff3e8        0x4 ./source/sysclock.o
 .bss.count     0x1ffff3ec        0x4 ./source/sysclock.o
 .bss.flag      0x1ffff3f0        0x4 ./source/sysclock.o
                0x1ffff3f0                flag
 .bss.g_xtal0Freq
                0x1ffff3f4        0x4 ./drivers/fsl_clock.o
                0x1ffff3f4                g_xtal0Freq
 .bss.s_lpsciHandle
                0x1ffff3f8        0x4 ./drivers/fsl_lpsci.o
 .bss.s_lpsciIsr
                0x1ffff3fc        0x4 ./drivers/fsl_lpsci.o
 .bss.s_uartHandle
                0x1ffff400        0xc ./drivers/fsl_uart.o
 .bss.s_uartIsr
                0x1ffff40c        0x4 ./drivers/fsl_uart.o
 .bss.__Ciob    0x1ffff410       0xb4 e:/sriraj/nxp/ide/plugins/com.nxp.mcuxpresso.tools.win32_11.6.0.202112161359/tools/bin/../lib/gcc/arm-none-eabi/10.3.1/../../../../arm-none-eabi/lib/thumb/v6-m/nofp\libcr_nohost_nf.a(__ciob.o)
                0x1ffff410                __Ciob
 .bss.errno     0x1ffff4c4        0x4 e:/sriraj/nxp/ide/plugins/com.nxp.mcuxpresso.tools.win32_11.6.0.202112161359/tools/bin/../lib/gcc/arm-none-eabi/10.3.1/../../../../arm-none-eabi/lib/thumb/v6-m/nofp\libcr_c.a(errno.o)
                0x1ffff4c4                errno
 .bss.__end_of_heap
                0x1ffff4c8        0x4 e:/sriraj/nxp/ide/plugins/com.nxp.mcuxpresso.tools.win32_11.6.0.202112161359/tools/bin/../lib/gcc/arm-none-eabi/10.3.1/../../../../arm-none-eabi/lib/thumb/v6-m/nofp\libcr_c.a(__init_alloc.o)
                0x1ffff4c8                __end_of_heap
 .bss.__heaps   0x1ffff4cc        0x4 e:/sriraj/nxp/ide/plugins/com.nxp.mcuxpresso.tools.win32_11.6.0.202112161359/tools/bin/../lib/gcc/arm-none-eabi/10.3.1/../../../../arm-none-eabi/lib/thumb/v6-m/nofp\libcr_c.a(__init_alloc.o)
                0x1ffff4cc                __heaps
 .bss.acc_X     0x1ffff4d0        0x2 ./source/accelerometer.o
                0x1ffff4d0                acc_X
 .bss.acc_Y     0x1ffff4d2        0x2 ./source/accelerometer.o
                0x1ffff4d2                acc_Y
 .bss.acc_Z     0x1ffff4d4        0x2 ./source/accelerometer.o
                0x1ffff4d4                acc_Z
 .bss.command   0x1ffff4d6        0x1 ./source/Accelerometermainproject.o
                0x1ffff4d6                command
 .bss.ch        0x1ffff4d7        0x1 ./source/UARTcomm.o
                0x1ffff4d7                ch
 .bss.curr_state
                0x1ffff4d8        0x1 ./source/statemachine.o
                0x1ffff4d8                curr_state
 *(SORT_BY_ALIGNMENT(COMMON))
                0x1ffff4dc                . = ALIGN (0x4)
 *fill*         0x1ffff4d9        0x3 
                0x1ffff4dc                _ebss = .
                [!provide]                PROVIDE (__end_bss_RAM = .)
                [!provide]                PROVIDE (__end_bss_SRAM = .)
                [!provide]                PROVIDE (end = .)

.noinit         0x1ffff4dc        0x0
                0x1ffff4dc                _noinit = .
                [!provide]                PROVIDE (__start_noinit_RAM = .)
                [!provide]                PROVIDE (__start_noinit_SRAM = .)
 *(SORT_BY_ALIGNMENT(.noinit*))
                0x1ffff4dc                . = ALIGN (0x4)
                0x1ffff4dc                _end_noinit = .
                [!provide]                PROVIDE (__end_noinit_RAM = .)
                [!provide]                PROVIDE (__end_noinit_SRAM = .)

.ARM.extab
 *(SORT_BY_ALIGNMENT(.ARM.extab*) SORT_BY_ALIGNMENT(.gnu.linkonce.armextab.*))

.ARM.exidx      0x00005f90        0x0
                0x00005f90                __exidx_start = .
 *(SORT_BY_ALIGNMENT(.ARM.exidx*) SORT_BY_ALIGNMENT(.gnu.linkonce.armexidx.*))
                0x00005f90                __exidx_end = .
                0x00000400                _HeapSize = 0x400

.heap           0x1ffff4dc      0x400
                0x1ffff4dc                _pvHeapStart = .
                0x1ffff8dc                . = (. + _HeapSize)
 *fill*         0x1ffff4dc      0x400 
                0x1ffff8dc                . = ALIGN (0x4)
                0x1ffff8dc                _pvHeapLimit = .
                0x00000400                _StackSize = 0x400

.heap2stackfill
                0x1ffff8dc      0x400
                0x1ffffcdc                . = (. + _StackSize)
 *fill*         0x1ffff8dc      0x400 

.stack          0x20002c00        0x0
                0x20002c00                _vStackBase = .
                0x20002c00                . = ALIGN (0x4)
                0x20003000                _vStackTop = (. + _StackSize)
                0x00000000                _image_start = LOADADDR (.text)
                0x00005f90                _image_end = (LOADADDR (.data) + SIZEOF (.data))
                0x00005f90                _image_size = (_image_end - _image_start)
OUTPUT(Accelerometermainproject.axf elf32-littlearm)
LOAD linker stubs

.debug_info     0x00000000     0x9a0b
 .debug_info    0x00000000      0xe16 ./utilities/fsl_debug_console.o
 .debug_info    0x00000e16      0x4eb ./startup/startup_mkl25z4.o
 .debug_info    0x00001301      0x3fd ./source/Accelerometermainproject.o
 .debug_info    0x000016fe      0x445 ./source/PWM.o
 .debug_info    0x00001b43      0x880 ./source/UARTcomm.o
 .debug_info    0x000023c3      0x1ce ./source/accelerometer.o
 .debug_info    0x00002591      0x35c ./source/circularbufferqueue.o
 .debug_info    0x000028ed       0xb0 ./source/delay.o
 .debug_info    0x0000299d      0x531 ./source/i2c.o
 .debug_info    0x00002ece      0x5db ./source/inputtrigger.o
 .debug_info    0x000034a9       0x53 ./source/mtb.o
 .debug_info    0x000034fc       0x3c ./source/semihost_hardfault.o
 .debug_info    0x00003538      0x205 ./source/statemachine.o
 .debug_info    0x0000373d      0x474 ./source/sysclock.o
 .debug_info    0x00003bb1       0x89 ./source/test_accel.o
 .debug_info    0x00003c3a     0x1a5a ./drivers/fsl_clock.o
 .debug_info    0x00005694      0x3e8 ./drivers/fsl_common.o
 .debug_info    0x00005a7c     0x140d ./drivers/fsl_lpsci.o
 .debug_info    0x00006e89     0x13ae ./drivers/fsl_uart.o
 .debug_info    0x00008237      0x394 ./board/board.o
 .debug_info    0x000085cb      0xabc ./board/clock_config.o
 .debug_info    0x00009087       0x3c ./board/peripherals.o
 .debug_info    0x000090c3      0x547 ./board/pin_mux.o
 .debug_info    0x0000960a      0x401 ./CMSIS/system_MKL25Z4.o

.debug_abbrev   0x00000000     0x23d8
 .debug_abbrev  0x00000000      0x2a5 ./utilities/fsl_debug_console.o
 .debug_abbrev  0x000002a5      0x198 ./startup/startup_mkl25z4.o
 .debug_abbrev  0x0000043d      0x15a ./source/Accelerometermainproject.o
 .debug_abbrev  0x00000597      0x10a ./source/PWM.o
 .debug_abbrev  0x000006a1      0x236 ./source/UARTcomm.o
 .debug_abbrev  0x000008d7       0xe8 ./source/accelerometer.o
 .debug_abbrev  0x000009bf      0x1b2 ./source/circularbufferqueue.o
 .debug_abbrev  0x00000b71       0x7f ./source/delay.o
 .debug_abbrev  0x00000bf0      0x179 ./source/i2c.o
 .debug_abbrev  0x00000d69      0x16d ./source/inputtrigger.o
 .debug_abbrev  0x00000ed6       0x46 ./source/mtb.o
 .debug_abbrev  0x00000f1c       0x31 ./source/semihost_hardfault.o
 .debug_abbrev  0x00000f4d      0x123 ./source/statemachine.o
 .debug_abbrev  0x00001070      0x1a5 ./source/sysclock.o
 .debug_abbrev  0x00001215       0x45 ./source/test_accel.o
 .debug_abbrev  0x0000125a      0x357 ./drivers/fsl_clock.o
 .debug_abbrev  0x000015b1      0x25b ./drivers/fsl_common.o
 .debug_abbrev  0x0000180c      0x2d7 ./drivers/fsl_lpsci.o
 .debug_abbrev  0x00001ae3      0x2f1 ./drivers/fsl_uart.o
 .debug_abbrev  0x00001dd4      0x11b ./board/board.o
 .debug_abbrev  0x00001eef      0x201 ./board/clock_config.o
 .debug_abbrev  0x000020f0       0x31 ./board/peripherals.o
 .debug_abbrev  0x00002121      0x189 ./board/pin_mux.o
 .debug_abbrev  0x000022aa      0x12e ./CMSIS/system_MKL25Z4.o

.debug_aranges  0x00000000      0x9e0
 .debug_aranges
                0x00000000       0x90 ./utilities/fsl_debug_console.o
 .debug_aranges
                0x00000090      0x160 ./startup/startup_mkl25z4.o
 .debug_aranges
                0x000001f0       0x28 ./source/Accelerometermainproject.o
 .debug_aranges
                0x00000218       0x28 ./source/PWM.o
 .debug_aranges
                0x00000240       0x50 ./source/UARTcomm.o
 .debug_aranges
                0x00000290       0x30 ./source/accelerometer.o
 .debug_aranges
                0x000002c0       0x48 ./source/circularbufferqueue.o
 .debug_aranges
                0x00000308       0x20 ./source/delay.o
 .debug_aranges
                0x00000328       0x58 ./source/i2c.o
 .debug_aranges
                0x00000380       0x30 ./source/inputtrigger.o
 .debug_aranges
                0x000003b0       0x18 ./source/mtb.o
 .debug_aranges
                0x000003c8       0x20 ./source/semihost_hardfault.o
 .debug_aranges
                0x000003e8       0x38 ./source/statemachine.o
 .debug_aranges
                0x00000420       0x48 ./source/sysclock.o
 .debug_aranges
                0x00000468       0x20 ./source/test_accel.o
 .debug_aranges
                0x00000488      0x1d8 ./drivers/fsl_clock.o
 .debug_aranges
                0x00000660       0x38 ./drivers/fsl_common.o
 .debug_aranges
                0x00000698      0x118 ./drivers/fsl_lpsci.o
 .debug_aranges
                0x000007b0      0x130 ./drivers/fsl_uart.o
 .debug_aranges
                0x000008e0       0x28 ./board/board.o
 .debug_aranges
                0x00000908       0x58 ./board/clock_config.o
 .debug_aranges
                0x00000960       0x20 ./board/peripherals.o
 .debug_aranges
                0x00000980       0x38 ./board/pin_mux.o
 .debug_aranges
                0x000009b8       0x28 ./CMSIS/system_MKL25Z4.o

.debug_ranges   0x00000000      0x858
 .debug_ranges  0x00000000       0x80 ./utilities/fsl_debug_console.o
 .debug_ranges  0x00000080      0x150 ./startup/startup_mkl25z4.o
 .debug_ranges  0x000001d0       0x18 ./source/Accelerometermainproject.o
 .debug_ranges  0x000001e8       0x18 ./source/PWM.o
 .debug_ranges  0x00000200       0x40 ./source/UARTcomm.o
 .debug_ranges  0x00000240       0x20 ./source/accelerometer.o
 .debug_ranges  0x00000260       0x38 ./source/circularbufferqueue.o
 .debug_ranges  0x00000298       0x10 ./source/delay.o
 .debug_ranges  0x000002a8       0x48 ./source/i2c.o
 .debug_ranges  0x000002f0       0x20 ./source/inputtrigger.o
 .debug_ranges  0x00000310       0x10 ./source/semihost_hardfault.o
 .debug_ranges  0x00000320       0x28 ./source/statemachine.o
 .debug_ranges  0x00000348       0x38 ./source/sysclock.o
 .debug_ranges  0x00000380       0x10 ./source/test_accel.o
 .debug_ranges  0x00000390      0x1c8 ./drivers/fsl_clock.o
 .debug_ranges  0x00000558       0x28 ./drivers/fsl_common.o
 .debug_ranges  0x00000580      0x108 ./drivers/fsl_lpsci.o
 .debug_ranges  0x00000688      0x120 ./drivers/fsl_uart.o
 .debug_ranges  0x000007a8       0x18 ./board/board.o
 .debug_ranges  0x000007c0       0x48 ./board/clock_config.o
 .debug_ranges  0x00000808       0x10 ./board/peripherals.o
 .debug_ranges  0x00000818       0x28 ./board/pin_mux.o
 .debug_ranges  0x00000840       0x18 ./CMSIS/system_MKL25Z4.o

.debug_macro    0x00000000     0xe740
 .debug_macro   0x00000000      0x127 ./utilities/fsl_debug_console.o
 .debug_macro   0x00000127      0xa8a ./utilities/fsl_debug_console.o
 .debug_macro   0x00000bb1       0x10 ./utilities/fsl_debug_console.o
 .debug_macro   0x00000bc1       0x16 ./utilities/fsl_debug_console.o
 .debug_macro   0x00000bd7       0x10 ./utilities/fsl_debug_console.o
 .debug_macro   0x00000be7      0x12e ./utilities/fsl_debug_console.o
 .debug_macro   0x00000d15       0x28 ./utilities/fsl_debug_console.o
 .debug_macro   0x00000d3d       0xc4 ./utilities/fsl_debug_console.o
 .debug_macro   0x00000e01       0x16 ./utilities/fsl_debug_console.o
 .debug_macro   0x00000e17       0x22 ./utilities/fsl_debug_console.o
 .debug_macro   0x00000e39      0x5b3 ./utilities/fsl_debug_console.o
 .debug_macro   0x000013ec       0x10 ./utilities/fsl_debug_console.o
 .debug_macro   0x000013fc       0x3f ./utilities/fsl_debug_console.o
 .debug_macro   0x0000143b       0x3a ./utilities/fsl_debug_console.o
 .debug_macro   0x00001475       0x26 ./utilities/fsl_debug_console.o
 .debug_macro   0x0000149b      0x329 ./utilities/fsl_debug_console.o
 .debug_macro   0x000017c4       0x30 ./utilities/fsl_debug_console.o
 .debug_macro   0x000017f4     0x51e2 ./utilities/fsl_debug_console.o
 .debug_macro   0x000069d6     0x1352 ./utilities/fsl_debug_console.o
 .debug_macro   0x00007d28       0x3a ./utilities/fsl_debug_console.o
 .debug_macro   0x00007d62       0xf4 ./utilities/fsl_debug_console.o
 .debug_macro   0x00007e56       0x35 ./utilities/fsl_debug_console.o
 .debug_macro   0x00007e8b       0x2e ./utilities/fsl_debug_console.o
 .debug_macro   0x00007eb9       0x10 ./utilities/fsl_debug_console.o
 .debug_macro   0x00007ec9       0x10 ./utilities/fsl_debug_console.o
 .debug_macro   0x00007ed9       0x29 ./startup/startup_mkl25z4.o
 .debug_macro   0x00007f02      0x1ae ./source/Accelerometermainproject.o
 .debug_macro   0x000080b0       0x34 ./source/Accelerometermainproject.o
 .debug_macro   0x000080e4       0xd8 ./source/Accelerometermainproject.o
 .debug_macro   0x000081bc       0x40 ./source/Accelerometermainproject.o
 .debug_macro   0x000081fc       0x5e ./source/Accelerometermainproject.o
 .debug_macro   0x0000825a       0x16 ./source/Accelerometermainproject.o
 .debug_macro   0x00008270       0x10 ./source/Accelerometermainproject.o
 .debug_macro   0x00008280      0x112 ./source/Accelerometermainproject.o
 .debug_macro   0x00008392       0x10 ./source/Accelerometermainproject.o
 .debug_macro   0x000083a2       0x9a ./source/PWM.o
 .debug_macro   0x0000843c       0x3f ./source/PWM.o
 .debug_macro   0x0000847b     0x51e2 ./source/PWM.o
 .debug_macro   0x0000d65d       0xdc ./source/UARTcomm.o
 .debug_macro   0x0000d739       0xad ./source/accelerometer.o
 .debug_macro   0x0000d7e6       0xa0 ./source/circularbufferqueue.o
 .debug_macro   0x0000d886       0x88 ./source/delay.o
 .debug_macro   0x0000d90e       0x91 ./source/i2c.o
 .debug_macro   0x0000d99f       0x8e ./source/inputtrigger.o
 .debug_macro   0x0000da2d       0x2f ./source/mtb.o
 .debug_macro   0x0000da5c       0x82 ./source/mtb.o
 .debug_macro   0x0000dade       0x10 ./source/mtb.o
 .debug_macro   0x0000daee       0x11 ./source/semihost_hardfault.o
 .debug_macro   0x0000daff       0x90 ./source/statemachine.o
 .debug_macro   0x0000db8f       0x10 ./source/statemachine.o
 .debug_macro   0x0000db9f       0x52 ./source/statemachine.o
 .debug_macro   0x0000dbf1       0xa1 ./source/sysclock.o
 .debug_macro   0x0000dc92      0x12e ./source/test_accel.o
 .debug_macro   0x0000ddc0       0xd2 ./source/test_accel.o
 .debug_macro   0x0000de92      0x196 ./drivers/fsl_clock.o
 .debug_macro   0x0000e028       0x1c ./drivers/fsl_clock.o
 .debug_macro   0x0000e044       0xef ./drivers/fsl_common.o
 .debug_macro   0x0000e133       0xec ./drivers/fsl_lpsci.o
 .debug_macro   0x0000e21f       0xf2 ./drivers/fsl_uart.o
 .debug_macro   0x0000e311      0x112 ./board/board.o
 .debug_macro   0x0000e423       0x34 ./board/board.o
 .debug_macro   0x0000e457      0x123 ./board/clock_config.o
 .debug_macro   0x0000e57a       0x1b ./board/peripherals.o
 .debug_macro   0x0000e595      0x107 ./board/pin_mux.o
 .debug_macro   0x0000e69c       0x10 ./board/pin_mux.o
 .debug_macro   0x0000e6ac       0x94 ./CMSIS/system_MKL25Z4.o

.debug_line     0x00000000     0x75f4
 .debug_line    0x00000000      0xc87 ./utilities/fsl_debug_console.o
 .debug_line    0x00000c87      0x1ed ./startup/startup_mkl25z4.o
 .debug_line    0x00000e74      0x583 ./source/Accelerometermainproject.o
 .debug_line    0x000013f7      0x291 ./source/PWM.o
 .debug_line    0x00001688      0x460 ./source/UARTcomm.o
 .debug_line    0x00001ae8      0x342 ./source/accelerometer.o
 .debug_line    0x00001e2a      0x430 ./source/circularbufferqueue.o
 .debug_line    0x0000225a      0x22e ./source/delay.o
 .debug_line    0x00002488      0x3b6 ./source/i2c.o
 .debug_line    0x0000283e      0x27a ./source/inputtrigger.o
 .debug_line    0x00002ab8       0xbe ./source/mtb.o
 .debug_line    0x00002b76       0x59 ./source/semihost_hardfault.o
 .debug_line    0x00002bcf      0x2c3 ./source/statemachine.o
 .debug_line    0x00002e92      0x324 ./source/sysclock.o
 .debug_line    0x000031b6      0x3ea ./source/test_accel.o
 .debug_line    0x000035a0     0x12e5 ./drivers/fsl_clock.o
 .debug_line    0x00004885      0x43f ./drivers/fsl_common.o
 .debug_line    0x00004cc4      0xd5e ./drivers/fsl_lpsci.o
 .debug_line    0x00005a22      0xd4d ./drivers/fsl_uart.o
 .debug_line    0x0000676f      0x3b3 ./board/board.o
 .debug_line    0x00006b22      0x3f1 ./board/clock_config.o
 .debug_line    0x00006f13       0x5c ./board/peripherals.o
 .debug_line    0x00006f6f      0x378 ./board/pin_mux.o
 .debug_line    0x000072e7      0x30d ./CMSIS/system_MKL25Z4.o

.debug_str      0x00000000    0x36670
 .debug_str     0x00000000    0x313ba ./utilities/fsl_debug_console.o
                              0x3165e (size before relaxing)
 .debug_str     0x000313ba      0x3cd ./startup/startup_mkl25z4.o
                               0x30fc (size before relaxing)
 .debug_str     0x00031787     0x10b9 ./source/Accelerometermainproject.o
                              0x31e23 (size before relaxing)
 .debug_str     0x00032840      0x186 ./source/PWM.o
                              0x28db4 (size before relaxing)
 .debug_str     0x000329c6      0x2df ./source/UARTcomm.o
                              0x293ed (size before relaxing)
 .debug_str     0x00032ca5       0x62 ./source/accelerometer.o
                              0x293f5 (size before relaxing)
 .debug_str     0x00032d07       0xa4 ./source/circularbufferqueue.o
                              0x28d32 (size before relaxing)
 .debug_str     0x00032dab       0x12 ./source/delay.o
                              0x28c3e (size before relaxing)
 .debug_str     0x00032dbd       0xae ./source/i2c.o
                              0x28f30 (size before relaxing)
 .debug_str     0x00032e6b       0x66 ./source/inputtrigger.o
                              0x28fc1 (size before relaxing)
 .debug_str     0x00032ed1      0x532 ./source/mtb.o
                               0x321c (size before relaxing)
 .debug_str     0x00033403       0x1f ./source/semihost_hardfault.o
                               0x2d09 (size before relaxing)
 .debug_str     0x00033422      0x149 ./source/statemachine.o
                               0x4e04 (size before relaxing)
 .debug_str     0x0003356b       0x71 ./source/sysclock.o
                              0x28f95 (size before relaxing)
 .debug_str     0x000335dc       0x24 ./source/test_accel.o
                              0x307c3 (size before relaxing)
 .debug_str     0x00033600     0x1789 ./drivers/fsl_clock.o
                              0x321d1 (size before relaxing)
 .debug_str     0x00034d89       0xe1 ./drivers/fsl_common.o
                              0x3079f (size before relaxing)
 .debug_str     0x00034e6a      0x966 ./drivers/fsl_lpsci.o
                              0x317c0 (size before relaxing)
 .debug_str     0x000357d0      0x832 ./drivers/fsl_uart.o
                              0x317e3 (size before relaxing)
 .debug_str     0x00036002       0x4c ./board/board.o
                              0x30f98 (size before relaxing)
 .debug_str     0x0003604e      0x3c1 ./board/clock_config.o
                              0x31102 (size before relaxing)
 .debug_str     0x0003640f       0x31 ./board/peripherals.o
                               0x2d1a (size before relaxing)
 .debug_str     0x00036440      0x1e1 ./board/pin_mux.o
                              0x30849 (size before relaxing)
 .debug_str     0x00036621       0x4f ./CMSIS/system_MKL25Z4.o
                              0x2fb4b (size before relaxing)

.comment        0x00000000       0x49
 .comment       0x00000000       0x49 ./utilities/fsl_debug_console.o
                                 0x4a (size before relaxing)
 .comment       0x00000049       0x4a ./startup/startup_mkl25z4.o
 .comment       0x00000049       0x4a ./source/Accelerometermainproject.o
 .comment       0x00000049       0x4a ./source/PWM.o
 .comment       0x00000049       0x4a ./source/UARTcomm.o
 .comment       0x00000049       0x4a ./source/accelerometer.o
 .comment       0x00000049       0x4a ./source/circularbufferqueue.o
 .comment       0x00000049       0x4a ./source/delay.o
 .comment       0x00000049       0x4a ./source/i2c.o
 .comment       0x00000049       0x4a ./source/inputtrigger.o
 .comment       0x00000049       0x4a ./source/mtb.o
 .comment       0x00000049       0x4a ./source/semihost_hardfault.o
 .comment       0x00000049       0x4a ./source/statemachine.o
 .comment       0x00000049       0x4a ./source/sysclock.o
 .comment       0x00000049       0x4a ./source/test_accel.o
 .comment       0x00000049       0x4a ./drivers/fsl_clock.o
 .comment       0x00000049       0x4a ./drivers/fsl_common.o
 .comment       0x00000049       0x4a ./drivers/fsl_lpsci.o
 .comment       0x00000049       0x4a ./drivers/fsl_uart.o
 .comment       0x00000049       0x4a ./board/board.o
 .comment       0x00000049       0x4a ./board/clock_config.o
 .comment       0x00000049       0x4a ./board/peripherals.o
 .comment       0x00000049       0x4a ./board/pin_mux.o
 .comment       0x00000049       0x4a ./CMSIS/system_MKL25Z4.o
 .comment       0x00000049       0x4a e:/sriraj/nxp/ide/plugins/com.nxp.mcuxpresso.tools.win32_11.6.0.202112161359/tools/bin/../lib/gcc/arm-none-eabi/10.3.1/../../../../arm-none-eabi/lib/thumb/v6-m/nofp\libcr_nohost_nf.a(__ciob.o)
 .comment       0x00000049       0x4a e:/sriraj/nxp/ide/plugins/com.nxp.mcuxpresso.tools.win32_11.6.0.202112161359/tools/bin/../lib/gcc/arm-none-eabi/10.3.1/../../../../arm-none-eabi/lib/thumb/v6-m/nofp\libcr_nohost_nf.a(_cr__main.o)
 .comment       0x00000049       0x4a e:/sriraj/nxp/ide/plugins/com.nxp.mcuxpresso.tools.win32_11.6.0.202112161359/tools/bin/../lib/gcc/arm-none-eabi/10.3.1/../../../../arm-none-eabi/lib/thumb/v6-m/nofp\libcr_c.a(memset.o)
 .comment       0x00000049       0x4a e:/sriraj/nxp/ide/plugins/com.nxp.mcuxpresso.tools.win32_11.6.0.202112161359/tools/bin/../lib/gcc/arm-none-eabi/10.3.1/../../../../arm-none-eabi/lib/thumb/v6-m/nofp\libcr_c.a(__fillbuf.o)
 .comment       0x00000049       0x4a e:/sriraj/nxp/ide/plugins/com.nxp.mcuxpresso.tools.win32_11.6.0.202112161359/tools/bin/../lib/gcc/arm-none-eabi/10.3.1/../../../../arm-none-eabi/lib/thumb/v6-m/nofp\libcr_c.a(_deferredlazyseek.o)
 .comment       0x00000049       0x4a e:/sriraj/nxp/ide/plugins/com.nxp.mcuxpresso.tools.win32_11.6.0.202112161359/tools/bin/../lib/gcc/arm-none-eabi/10.3.1/../../../../arm-none-eabi/lib/thumb/v6-m/nofp\libcr_c.a(_fflush.o)
 .comment       0x00000049       0x4a e:/sriraj/nxp/ide/plugins/com.nxp.mcuxpresso.tools.win32_11.6.0.202112161359/tools/bin/../lib/gcc/arm-none-eabi/10.3.1/../../../../arm-none-eabi/lib/thumb/v6-m/nofp\libcr_c.a(_writebuf.o)
 .comment       0x00000049       0x4a e:/sriraj/nxp/ide/plugins/com.nxp.mcuxpresso.tools.win32_11.6.0.202112161359/tools/bin/../lib/gcc/arm-none-eabi/10.3.1/../../../../arm-none-eabi/lib/thumb/v6-m/nofp\libcr_c.a(alloc.o)
 .comment       0x00000049       0x4a e:/sriraj/nxp/ide/plugins/com.nxp.mcuxpresso.tools.win32_11.6.0.202112161359/tools/bin/../lib/gcc/arm-none-eabi/10.3.1/../../../../arm-none-eabi/lib/thumb/v6-m/nofp\libcr_c.a(atan2.o)
 .comment       0x00000049       0x4a e:/sriraj/nxp/ide/plugins/com.nxp.mcuxpresso.tools.win32_11.6.0.202112161359/tools/bin/../lib/gcc/arm-none-eabi/10.3.1/../../../../arm-none-eabi/lib/thumb/v6-m/nofp\libcr_c.a(errno.o)
 .comment       0x00000049       0x4a e:/sriraj/nxp/ide/plugins/com.nxp.mcuxpresso.tools.win32_11.6.0.202112161359/tools/bin/../lib/gcc/arm-none-eabi/10.3.1/../../../../arm-none-eabi/lib/thumb/v6-m/nofp\libcr_c.a(fabs.o)
 .comment       0x00000049       0x4a e:/sriraj/nxp/ide/plugins/com.nxp.mcuxpresso.tools.win32_11.6.0.202112161359/tools/bin/../lib/gcc/arm-none-eabi/10.3.1/../../../../arm-none-eabi/lib/thumb/v6-m/nofp\libcr_c.a(fseek.o)
 .comment       0x00000049       0x4a e:/sriraj/nxp/ide/plugins/com.nxp.mcuxpresso.tools.win32_11.6.0.202112161359/tools/bin/../lib/gcc/arm-none-eabi/10.3.1/../../../../arm-none-eabi/lib/thumb/v6-m/nofp\libcr_c.a(ftell.o)
 .comment       0x00000049       0x4a e:/sriraj/nxp/ide/plugins/com.nxp.mcuxpresso.tools.win32_11.6.0.202112161359/tools/bin/../lib/gcc/arm-none-eabi/10.3.1/../../../../arm-none-eabi/lib/thumb/v6-m/nofp\libcr_c.a(initio.o)
 .comment       0x00000049       0x4a e:/sriraj/nxp/ide/plugins/com.nxp.mcuxpresso.tools.win32_11.6.0.202112161359/tools/bin/../lib/gcc/arm-none-eabi/10.3.1/../../../../arm-none-eabi/lib/thumb/v6-m/nofp\libcr_c.a(printf.o)
 .comment       0x00000049       0x4a e:/sriraj/nxp/ide/plugins/com.nxp.mcuxpresso.tools.win32_11.6.0.202112161359/tools/bin/../lib/gcc/arm-none-eabi/10.3.1/../../../../arm-none-eabi/lib/thumb/v6-m/nofp\libcr_c.a(setvbuf.o)
 .comment       0x00000049       0x4a e:/sriraj/nxp/ide/plugins/com.nxp.mcuxpresso.tools.win32_11.6.0.202112161359/tools/bin/../lib/gcc/arm-none-eabi/10.3.1/../../../../arm-none-eabi/lib/thumb/v6-m/nofp\libcr_c.a(sqrt.o)
 .comment       0x00000049       0x4a e:/sriraj/nxp/ide/plugins/com.nxp.mcuxpresso.tools.win32_11.6.0.202112161359/tools/bin/../lib/gcc/arm-none-eabi/10.3.1/../../../../arm-none-eabi/lib/thumb/v6-m/nofp\libcr_c.a(strcmp.o)
 .comment       0x00000049       0x4a e:/sriraj/nxp/ide/plugins/com.nxp.mcuxpresso.tools.win32_11.6.0.202112161359/tools/bin/../lib/gcc/arm-none-eabi/10.3.1/../../../../arm-none-eabi/lib/thumb/v6-m/nofp\libcr_c.a(strlen.o)
 .comment       0x00000049       0x4a e:/sriraj/nxp/ide/plugins/com.nxp.mcuxpresso.tools.win32_11.6.0.202112161359/tools/bin/../lib/gcc/arm-none-eabi/10.3.1/../../../../arm-none-eabi/lib/thumb/v6-m/nofp\libcr_c.a(__init_alloc.o)
 .comment       0x00000049       0x4a e:/sriraj/nxp/ide/plugins/com.nxp.mcuxpresso.tools.win32_11.6.0.202112161359/tools/bin/../lib/gcc/arm-none-eabi/10.3.1/../../../../arm-none-eabi/lib/thumb/v6-m/nofp\libcr_c.a(_cr_sbrk.o)
 .comment       0x00000049       0x4a e:/sriraj/nxp/ide/plugins/com.nxp.mcuxpresso.tools.win32_11.6.0.202112161359/tools/bin/../lib/gcc/arm-none-eabi/10.3.1/../../../../arm-none-eabi/lib/thumb/v6-m/nofp\libcr_c.a(_fdopen.o)
 .comment       0x00000049       0x4a e:/sriraj/nxp/ide/plugins/com.nxp.mcuxpresso.tools.win32_11.6.0.202112161359/tools/bin/../lib/gcc/arm-none-eabi/10.3.1/../../../../arm-none-eabi/lib/thumb/v6-m/nofp\libcr_c.a(atan.o)
 .comment       0x00000049       0x4a e:/sriraj/nxp/ide/plugins/com.nxp.mcuxpresso.tools.win32_11.6.0.202112161359/tools/bin/../lib/gcc/arm-none-eabi/10.3.1/../../../../arm-none-eabi/lib/thumb/v6-m/nofp\libcr_c.a(fclose.o)
 .comment       0x00000049       0x4a e:/sriraj/nxp/ide/plugins/com.nxp.mcuxpresso.tools.win32_11.6.0.202112161359/tools/bin/../lib/gcc/arm-none-eabi/10.3.1/../../../../arm-none-eabi/lib/thumb/v6-m/nofp\libcr_c.a(fflush.o)
 .comment       0x00000049       0x4a e:/sriraj/nxp/ide/plugins/com.nxp.mcuxpresso.tools.win32_11.6.0.202112161359/tools/bin/../lib/gcc/arm-none-eabi/10.3.1/../../../../arm-none-eabi/lib/thumb/v6-m/nofp\libcr_c.a(remove.o)
 .comment       0x00000049       0x4a e:/sriraj/nxp/ide/plugins/com.nxp.mcuxpresso.tools.win32_11.6.0.202112161359/tools/bin/../lib/gcc/arm-none-eabi/10.3.1/../../../../arm-none-eabi/lib/thumb/v6-m/nofp\libcr_c.a(_cr_check_heap.o)
 .comment       0x00000049       0x4a e:/sriraj/nxp/ide/plugins/com.nxp.mcuxpresso.tools.win32_11.6.0.202112161359/tools/bin/../lib/gcc/arm-none-eabi/10.3.1/../../../../arm-none-eabi/lib/thumb/v6-m/nofp\libcr_c.a(_do_fflush.o)
 .comment       0x00000049       0x4a e:/sriraj/nxp/ide/plugins/com.nxp.mcuxpresso.tools.win32_11.6.0.202112161359/tools/bin/../lib/gcc/arm-none-eabi/10.3.1/thumb/v6-m/nofp\libcr_eabihelpers.a(double.o)
 .comment       0x00000049       0x4a e:/sriraj/nxp/ide/plugins/com.nxp.mcuxpresso.tools.win32_11.6.0.202112161359/tools/bin/../lib/gcc/arm-none-eabi/10.3.1/thumb/v6-m/nofp\libcr_eabihelpers.a(float.o)
 .comment       0x00000049       0x4a e:/sriraj/nxp/ide/plugins/com.nxp.mcuxpresso.tools.win32_11.6.0.202112161359/tools/bin/../lib/gcc/arm-none-eabi/10.3.1/../../../../arm-none-eabi/lib/thumb/v6-m/nofp\libcr_nohost_nf.a(__sys_appexit.o)
 .comment       0x00000049       0x4a e:/sriraj/nxp/ide/plugins/com.nxp.mcuxpresso.tools.win32_11.6.0.202112161359/tools/bin/../lib/gcc/arm-none-eabi/10.3.1/../../../../arm-none-eabi/lib/thumb/v6-m/nofp\libcr_nohost_nf.a(__sys_close.o)
 .comment       0x00000049       0x4a e:/sriraj/nxp/ide/plugins/com.nxp.mcuxpresso.tools.win32_11.6.0.202112161359/tools/bin/../lib/gcc/arm-none-eabi/10.3.1/../../../../arm-none-eabi/lib/thumb/v6-m/nofp\libcr_nohost_nf.a(__sys_flen.o)
 .comment       0x00000049       0x4a e:/sriraj/nxp/ide/plugins/com.nxp.mcuxpresso.tools.win32_11.6.0.202112161359/tools/bin/../lib/gcc/arm-none-eabi/10.3.1/../../../../arm-none-eabi/lib/thumb/v6-m/nofp\libcr_nohost_nf.a(__sys_istty.o)
 .comment       0x00000049       0x4a e:/sriraj/nxp/ide/plugins/com.nxp.mcuxpresso.tools.win32_11.6.0.202112161359/tools/bin/../lib/gcc/arm-none-eabi/10.3.1/../../../../arm-none-eabi/lib/thumb/v6-m/nofp\libcr_nohost_nf.a(__sys_read.o)
 .comment       0x00000049       0x4a e:/sriraj/nxp/ide/plugins/com.nxp.mcuxpresso.tools.win32_11.6.0.202112161359/tools/bin/../lib/gcc/arm-none-eabi/10.3.1/../../../../arm-none-eabi/lib/thumb/v6-m/nofp\libcr_nohost_nf.a(__sys_remove.o)
 .comment       0x00000049       0x4a e:/sriraj/nxp/ide/plugins/com.nxp.mcuxpresso.tools.win32_11.6.0.202112161359/tools/bin/../lib/gcc/arm-none-eabi/10.3.1/../../../../arm-none-eabi/lib/thumb/v6-m/nofp\libcr_nohost_nf.a(__sys_seek.o)
 .comment       0x00000049       0x4a e:/sriraj/nxp/ide/plugins/com.nxp.mcuxpresso.tools.win32_11.6.0.202112161359/tools/bin/../lib/gcc/arm-none-eabi/10.3.1/../../../../arm-none-eabi/lib/thumb/v6-m/nofp\libcr_nohost_nf.a(__sys_tmpnam.o)

.ARM.attributes
                0x00000000       0x2a
 .ARM.attributes
                0x00000000       0x2c ./utilities/fsl_debug_console.o
 .ARM.attributes
                0x0000002c       0x2c ./startup/startup_mkl25z4.o
 .ARM.attributes
                0x00000058       0x2c ./source/Accelerometermainproject.o
 .ARM.attributes
                0x00000084       0x2c ./source/PWM.o
 .ARM.attributes
                0x000000b0       0x2c ./source/UARTcomm.o
 .ARM.attributes
                0x000000dc       0x2c ./source/accelerometer.o
 .ARM.attributes
                0x00000108       0x2c ./source/circularbufferqueue.o
 .ARM.attributes
                0x00000134       0x2c ./source/delay.o
 .ARM.attributes
                0x00000160       0x2c ./source/i2c.o
 .ARM.attributes
                0x0000018c       0x2c ./source/inputtrigger.o
 .ARM.attributes
                0x000001b8       0x2c ./source/mtb.o
 .ARM.attributes
                0x000001e4       0x2c ./source/semihost_hardfault.o
 .ARM.attributes
                0x00000210       0x2c ./source/statemachine.o
 .ARM.attributes
                0x0000023c       0x2c ./source/sysclock.o
 .ARM.attributes
                0x00000268       0x2c ./source/test_accel.o
 .ARM.attributes
                0x00000294       0x2c ./drivers/fsl_clock.o
 .ARM.attributes
                0x000002c0       0x2c ./drivers/fsl_common.o
 .ARM.attributes
                0x000002ec       0x2c ./drivers/fsl_lpsci.o
 .ARM.attributes
                0x00000318       0x2c ./drivers/fsl_uart.o
 .ARM.attributes
                0x00000344       0x2c ./board/board.o
 .ARM.attributes
                0x00000370       0x2c ./board/clock_config.o
 .ARM.attributes
                0x0000039c       0x2c ./board/peripherals.o
 .ARM.attributes
                0x000003c8       0x2c ./board/pin_mux.o
 .ARM.attributes
                0x000003f4       0x2c ./CMSIS/system_MKL25Z4.o
 .ARM.attributes
                0x00000420       0x2c e:/sriraj/nxp/ide/plugins/com.nxp.mcuxpresso.tools.win32_11.6.0.202112161359/tools/bin/../lib/gcc/arm-none-eabi/10.3.1/../../../../arm-none-eabi/lib/thumb/v6-m/nofp\libcr_nohost_nf.a(__ciob.o)
 .ARM.attributes
                0x0000044c       0x2c e:/sriraj/nxp/ide/plugins/com.nxp.mcuxpresso.tools.win32_11.6.0.202112161359/tools/bin/../lib/gcc/arm-none-eabi/10.3.1/../../../../arm-none-eabi/lib/thumb/v6-m/nofp\libcr_nohost_nf.a(_cr__main.o)
 .ARM.attributes
                0x00000478       0x2c e:/sriraj/nxp/ide/plugins/com.nxp.mcuxpresso.tools.win32_11.6.0.202112161359/tools/bin/../lib/gcc/arm-none-eabi/10.3.1/../../../../arm-none-eabi/lib/thumb/v6-m/nofp\libcr_c.a(memset.o)
 .ARM.attributes
                0x000004a4       0x2c e:/sriraj/nxp/ide/plugins/com.nxp.mcuxpresso.tools.win32_11.6.0.202112161359/tools/bin/../lib/gcc/arm-none-eabi/10.3.1/../../../../arm-none-eabi/lib/thumb/v6-m/nofp\libcr_c.a(__fillbuf.o)
 .ARM.attributes
                0x000004d0       0x2c e:/sriraj/nxp/ide/plugins/com.nxp.mcuxpresso.tools.win32_11.6.0.202112161359/tools/bin/../lib/gcc/arm-none-eabi/10.3.1/../../../../arm-none-eabi/lib/thumb/v6-m/nofp\libcr_c.a(_deferredlazyseek.o)
 .ARM.attributes
                0x000004fc       0x2c e:/sriraj/nxp/ide/plugins/com.nxp.mcuxpresso.tools.win32_11.6.0.202112161359/tools/bin/../lib/gcc/arm-none-eabi/10.3.1/../../../../arm-none-eabi/lib/thumb/v6-m/nofp\libcr_c.a(_fflush.o)
 .ARM.attributes
                0x00000528       0x2c e:/sriraj/nxp/ide/plugins/com.nxp.mcuxpresso.tools.win32_11.6.0.202112161359/tools/bin/../lib/gcc/arm-none-eabi/10.3.1/../../../../arm-none-eabi/lib/thumb/v6-m/nofp\libcr_c.a(_writebuf.o)
 .ARM.attributes
                0x00000554       0x2c e:/sriraj/nxp/ide/plugins/com.nxp.mcuxpresso.tools.win32_11.6.0.202112161359/tools/bin/../lib/gcc/arm-none-eabi/10.3.1/../../../../arm-none-eabi/lib/thumb/v6-m/nofp\libcr_c.a(alloc.o)
 .ARM.attributes
                0x00000580       0x2c e:/sriraj/nxp/ide/plugins/com.nxp.mcuxpresso.tools.win32_11.6.0.202112161359/tools/bin/../lib/gcc/arm-none-eabi/10.3.1/../../../../arm-none-eabi/lib/thumb/v6-m/nofp\libcr_c.a(atan2.o)
 .ARM.attributes
                0x000005ac       0x2c e:/sriraj/nxp/ide/plugins/com.nxp.mcuxpresso.tools.win32_11.6.0.202112161359/tools/bin/../lib/gcc/arm-none-eabi/10.3.1/../../../../arm-none-eabi/lib/thumb/v6-m/nofp\libcr_c.a(errno.o)
 .ARM.attributes
                0x000005d8       0x2c e:/sriraj/nxp/ide/plugins/com.nxp.mcuxpresso.tools.win32_11.6.0.202112161359/tools/bin/../lib/gcc/arm-none-eabi/10.3.1/../../../../arm-none-eabi/lib/thumb/v6-m/nofp\libcr_c.a(fabs.o)
 .ARM.attributes
                0x00000604       0x2c e:/sriraj/nxp/ide/plugins/com.nxp.mcuxpresso.tools.win32_11.6.0.202112161359/tools/bin/../lib/gcc/arm-none-eabi/10.3.1/../../../../arm-none-eabi/lib/thumb/v6-m/nofp\libcr_c.a(fseek.o)
 .ARM.attributes
                0x00000630       0x2c e:/sriraj/nxp/ide/plugins/com.nxp.mcuxpresso.tools.win32_11.6.0.202112161359/tools/bin/../lib/gcc/arm-none-eabi/10.3.1/../../../../arm-none-eabi/lib/thumb/v6-m/nofp\libcr_c.a(ftell.o)
 .ARM.attributes
                0x0000065c       0x2c e:/sriraj/nxp/ide/plugins/com.nxp.mcuxpresso.tools.win32_11.6.0.202112161359/tools/bin/../lib/gcc/arm-none-eabi/10.3.1/../../../../arm-none-eabi/lib/thumb/v6-m/nofp\libcr_c.a(initio.o)
 .ARM.attributes
                0x00000688       0x2c e:/sriraj/nxp/ide/plugins/com.nxp.mcuxpresso.tools.win32_11.6.0.202112161359/tools/bin/../lib/gcc/arm-none-eabi/10.3.1/../../../../arm-none-eabi/lib/thumb/v6-m/nofp\libcr_c.a(printf.o)
 .ARM.attributes
                0x000006b4       0x2c e:/sriraj/nxp/ide/plugins/com.nxp.mcuxpresso.tools.win32_11.6.0.202112161359/tools/bin/../lib/gcc/arm-none-eabi/10.3.1/../../../../arm-none-eabi/lib/thumb/v6-m/nofp\libcr_c.a(setvbuf.o)
 .ARM.attributes
                0x000006e0       0x2c e:/sriraj/nxp/ide/plugins/com.nxp.mcuxpresso.tools.win32_11.6.0.202112161359/tools/bin/../lib/gcc/arm-none-eabi/10.3.1/../../../../arm-none-eabi/lib/thumb/v6-m/nofp\libcr_c.a(sqrt.o)
 .ARM.attributes
                0x0000070c       0x2c e:/sriraj/nxp/ide/plugins/com.nxp.mcuxpresso.tools.win32_11.6.0.202112161359/tools/bin/../lib/gcc/arm-none-eabi/10.3.1/../../../../arm-none-eabi/lib/thumb/v6-m/nofp\libcr_c.a(strcmp.o)
 .ARM.attributes
                0x00000738       0x2c e:/sriraj/nxp/ide/plugins/com.nxp.mcuxpresso.tools.win32_11.6.0.202112161359/tools/bin/../lib/gcc/arm-none-eabi/10.3.1/../../../../arm-none-eabi/lib/thumb/v6-m/nofp\libcr_c.a(strlen.o)
 .ARM.attributes
                0x00000764       0x2c e:/sriraj/nxp/ide/plugins/com.nxp.mcuxpresso.tools.win32_11.6.0.202112161359/tools/bin/../lib/gcc/arm-none-eabi/10.3.1/../../../../arm-none-eabi/lib/thumb/v6-m/nofp\libcr_c.a(__init_alloc.o)
 .ARM.attributes
                0x00000790       0x2c e:/sriraj/nxp/ide/plugins/com.nxp.mcuxpresso.tools.win32_11.6.0.202112161359/tools/bin/../lib/gcc/arm-none-eabi/10.3.1/../../../../arm-none-eabi/lib/thumb/v6-m/nofp\libcr_c.a(_cr_sbrk.o)
 .ARM.attributes
                0x000007bc       0x2c e:/sriraj/nxp/ide/plugins/com.nxp.mcuxpresso.tools.win32_11.6.0.202112161359/tools/bin/../lib/gcc/arm-none-eabi/10.3.1/../../../../arm-none-eabi/lib/thumb/v6-m/nofp\libcr_c.a(_fdopen.o)
 .ARM.attributes
                0x000007e8       0x2c e:/sriraj/nxp/ide/plugins/com.nxp.mcuxpresso.tools.win32_11.6.0.202112161359/tools/bin/../lib/gcc/arm-none-eabi/10.3.1/../../../../arm-none-eabi/lib/thumb/v6-m/nofp\libcr_c.a(atan.o)
 .ARM.attributes
                0x00000814       0x2c e:/sriraj/nxp/ide/plugins/com.nxp.mcuxpresso.tools.win32_11.6.0.202112161359/tools/bin/../lib/gcc/arm-none-eabi/10.3.1/../../../../arm-none-eabi/lib/thumb/v6-m/nofp\libcr_c.a(fclose.o)
 .ARM.attributes
                0x00000840       0x2c e:/sriraj/nxp/ide/plugins/com.nxp.mcuxpresso.tools.win32_11.6.0.202112161359/tools/bin/../lib/gcc/arm-none-eabi/10.3.1/../../../../arm-none-eabi/lib/thumb/v6-m/nofp\libcr_c.a(fflush.o)
 .ARM.attributes
                0x0000086c       0x2c e:/sriraj/nxp/ide/plugins/com.nxp.mcuxpresso.tools.win32_11.6.0.202112161359/tools/bin/../lib/gcc/arm-none-eabi/10.3.1/../../../../arm-none-eabi/lib/thumb/v6-m/nofp\libcr_c.a(remove.o)
 .ARM.attributes
                0x00000898       0x2c e:/sriraj/nxp/ide/plugins/com.nxp.mcuxpresso.tools.win32_11.6.0.202112161359/tools/bin/../lib/gcc/arm-none-eabi/10.3.1/../../../../arm-none-eabi/lib/thumb/v6-m/nofp\libcr_c.a(_cr_check_heap.o)
 .ARM.attributes
                0x000008c4       0x2c e:/sriraj/nxp/ide/plugins/com.nxp.mcuxpresso.tools.win32_11.6.0.202112161359/tools/bin/../lib/gcc/arm-none-eabi/10.3.1/../../../../arm-none-eabi/lib/thumb/v6-m/nofp\libcr_c.a(_do_fflush.o)
 .ARM.attributes
                0x000008f0       0x1c e:/sriraj/nxp/ide/plugins/com.nxp.mcuxpresso.tools.win32_11.6.0.202112161359/tools/bin/../lib/gcc/arm-none-eabi/10.3.1/thumb/v6-m/nofp\libcr_eabihelpers.a(division_32.o)
 .ARM.attributes
                0x0000090c       0x1c e:/sriraj/nxp/ide/plugins/com.nxp.mcuxpresso.tools.win32_11.6.0.202112161359/tools/bin/../lib/gcc/arm-none-eabi/10.3.1/thumb/v6-m/nofp\libcr_eabihelpers.a(division_idiv0.o)
 .ARM.attributes
                0x00000928       0x2c e:/sriraj/nxp/ide/plugins/com.nxp.mcuxpresso.tools.win32_11.6.0.202112161359/tools/bin/../lib/gcc/arm-none-eabi/10.3.1/thumb/v6-m/nofp\libcr_eabihelpers.a(double.o)
 .ARM.attributes
                0x00000954       0x2c e:/sriraj/nxp/ide/plugins/com.nxp.mcuxpresso.tools.win32_11.6.0.202112161359/tools/bin/../lib/gcc/arm-none-eabi/10.3.1/thumb/v6-m/nofp\libcr_eabihelpers.a(float.o)
 .ARM.attributes
                0x00000980       0x1c e:/sriraj/nxp/ide/plugins/com.nxp.mcuxpresso.tools.win32_11.6.0.202112161359/tools/bin/../lib/gcc/arm-none-eabi/10.3.1/thumb/v6-m/nofp\libcr_eabihelpers.a(llong.o)
 .ARM.attributes
                0x0000099c       0x1c e:/sriraj/nxp/ide/plugins/com.nxp.mcuxpresso.tools.win32_11.6.0.202112161359/tools/bin/../lib/gcc/arm-none-eabi/10.3.1/thumb/v6-m/nofp\libcr_eabihelpers.a(memcpy.o)
 .ARM.attributes
                0x000009b8       0x1c e:/sriraj/nxp/ide/plugins/com.nxp.mcuxpresso.tools.win32_11.6.0.202112161359/tools/bin/../lib/gcc/arm-none-eabi/10.3.1/thumb/v6-m/nofp\libcr_eabihelpers.a(thumb1_switch_helpers.o)
 .ARM.attributes
                0x000009d4       0x2c e:/sriraj/nxp/ide/plugins/com.nxp.mcuxpresso.tools.win32_11.6.0.202112161359/tools/bin/../lib/gcc/arm-none-eabi/10.3.1/../../../../arm-none-eabi/lib/thumb/v6-m/nofp\libcr_nohost_nf.a(__sys_appexit.o)
 .ARM.attributes
                0x00000a00       0x2c e:/sriraj/nxp/ide/plugins/com.nxp.mcuxpresso.tools.win32_11.6.0.202112161359/tools/bin/../lib/gcc/arm-none-eabi/10.3.1/../../../../arm-none-eabi/lib/thumb/v6-m/nofp\libcr_nohost_nf.a(__sys_close.o)
 .ARM.attributes
                0x00000a2c       0x2c e:/sriraj/nxp/ide/plugins/com.nxp.mcuxpresso.tools.win32_11.6.0.202112161359/tools/bin/../lib/gcc/arm-none-eabi/10.3.1/../../../../arm-none-eabi/lib/thumb/v6-m/nofp\libcr_nohost_nf.a(__sys_flen.o)
 .ARM.attributes
                0x00000a58       0x2c e:/sriraj/nxp/ide/plugins/com.nxp.mcuxpresso.tools.win32_11.6.0.202112161359/tools/bin/../lib/gcc/arm-none-eabi/10.3.1/../../../../arm-none-eabi/lib/thumb/v6-m/nofp\libcr_nohost_nf.a(__sys_istty.o)
 .ARM.attributes
                0x00000a84       0x2c e:/sriraj/nxp/ide/plugins/com.nxp.mcuxpresso.tools.win32_11.6.0.202112161359/tools/bin/../lib/gcc/arm-none-eabi/10.3.1/../../../../arm-none-eabi/lib/thumb/v6-m/nofp\libcr_nohost_nf.a(__sys_read.o)
 .ARM.attributes
                0x00000ab0       0x2c e:/sriraj/nxp/ide/plugins/com.nxp.mcuxpresso.tools.win32_11.6.0.202112161359/tools/bin/../lib/gcc/arm-none-eabi/10.3.1/../../../../arm-none-eabi/lib/thumb/v6-m/nofp\libcr_nohost_nf.a(__sys_remove.o)
 .ARM.attributes
                0x00000adc       0x2c e:/sriraj/nxp/ide/plugins/com.nxp.mcuxpresso.tools.win32_11.6.0.202112161359/tools/bin/../lib/gcc/arm-none-eabi/10.3.1/../../../../arm-none-eabi/lib/thumb/v6-m/nofp\libcr_nohost_nf.a(__sys_seek.o)
 .ARM.attributes
                0x00000b08       0x2c e:/sriraj/nxp/ide/plugins/com.nxp.mcuxpresso.tools.win32_11.6.0.202112161359/tools/bin/../lib/gcc/arm-none-eabi/10.3.1/../../../../arm-none-eabi/lib/thumb/v6-m/nofp\libcr_nohost_nf.a(__sys_tmpnam.o)

.debug_frame    0x00000000     0x1dcc
 .debug_frame   0x00000000      0x1f0 ./utilities/fsl_debug_console.o
 .debug_frame   0x000001f0      0x3b0 ./startup/startup_mkl25z4.o
 .debug_frame   0x000005a0       0x4c ./source/Accelerometermainproject.o
 .debug_frame   0x000005ec       0x4c ./source/PWM.o
 .debug_frame   0x00000638       0xec ./source/UARTcomm.o
 .debug_frame   0x00000724       0x70 ./source/accelerometer.o
 .debug_frame   0x00000794       0xd0 ./source/circularbufferqueue.o
 .debug_frame   0x00000864       0x30 ./source/delay.o
 .debug_frame   0x00000894      0x104 ./source/i2c.o
 .debug_frame   0x00000998       0x68 ./source/inputtrigger.o
 .debug_frame   0x00000a00       0x20 ./source/semihost_hardfault.o
 .debug_frame   0x00000a20       0x8c ./source/statemachine.o
 .debug_frame   0x00000aac       0xbc ./source/sysclock.o
 .debug_frame   0x00000b68       0x2c ./source/test_accel.o
 .debug_frame   0x00000b94      0x6e0 ./drivers/fsl_clock.o
 .debug_frame   0x00001274       0x90 ./drivers/fsl_common.o
 .debug_frame   0x00001304      0x414 ./drivers/fsl_lpsci.o
 .debug_frame   0x00001718      0x464 ./drivers/fsl_uart.o
 .debug_frame   0x00001b7c       0x50 ./board/board.o
 .debug_frame   0x00001bcc      0x100 ./board/clock_config.o
 .debug_frame   0x00001ccc       0x2c ./board/peripherals.o
 .debug_frame   0x00001cf8       0x88 ./board/pin_mux.o
 .debug_frame   0x00001d80       0x4c ./CMSIS/system_MKL25Z4.o

Cross Reference Table

Symbol                                            File
ADC0_DriverIRQHandler                             ./startup/startup_mkl25z4.o
ADC0_IRQHandler                                   ./startup/startup_mkl25z4.o
BOARD_BootClockRUN                                ./board/clock_config.o
BOARD_BootClockVLPR                               ./board/clock_config.o
BOARD_InitBootClocks                              ./board/clock_config.o
                                                  ./source/Accelerometermainproject.o
BOARD_InitBootPeripherals                         ./board/peripherals.o
                                                  ./source/Accelerometermainproject.o
BOARD_InitBootPins                                ./board/pin_mux.o
                                                  ./source/Accelerometermainproject.o
BOARD_InitDebugConsole                            ./board/board.o
                                                  ./source/Accelerometermainproject.o
BOARD_InitPins                                    ./board/pin_mux.o
CLOCK_BootToBlpeMode                              ./drivers/fsl_clock.o
CLOCK_BootToBlpiMode                              ./drivers/fsl_clock.o
                                                  ./board/clock_config.o
CLOCK_BootToFeeMode                               ./drivers/fsl_clock.o
CLOCK_BootToFeiMode                               ./drivers/fsl_clock.o
CLOCK_BootToPeeMode                               ./drivers/fsl_clock.o
                                                  ./board/clock_config.o
CLOCK_CalcPllDiv                                  ./drivers/fsl_clock.o
CLOCK_ClearStatusFlags                            ./drivers/fsl_clock.o
CLOCK_DeinitOsc0                                  ./drivers/fsl_clock.o
CLOCK_EnablePll0                                  ./drivers/fsl_clock.o
CLOCK_EnableUsbfs0Clock                           ./drivers/fsl_clock.o
CLOCK_ExternalModeToFbeModeQuick                  ./drivers/fsl_clock.o